Archive member included because of file (symbol)

C:\CIAA\WorkspaceProgMicros\lpcopen_lpc4337\Debug\liblpcopen_lpc4337.a(board.o)
                              ./src/main.o (Board_LED_Set)
C:\CIAA\WorkspaceProgMicros\lpcopen_lpc4337\Debug\liblpcopen_lpc4337.a(chip_18xx_43xx.o)
                              ./src/main.o (SystemCoreClockUpdate)
C:\CIAA\WorkspaceProgMicros\lpcopen_lpc4337\Debug\liblpcopen_lpc4337.a(clock_18xx_43xx.o)
                              C:\CIAA\WorkspaceProgMicros\lpcopen_lpc4337\Debug\liblpcopen_lpc4337.a(chip_18xx_43xx.o) (Chip_Clock_GetClockInputHz)
C:\CIAA\WorkspaceProgMicros\lpcopen_lpc4337\Debug\liblpcopen_lpc4337.a(cr_startup_lpc43xx.o)
                              (ResetISR)
C:\CIAA\WorkspaceProgMicros\lpcopen_lpc4337\Debug\liblpcopen_lpc4337.a(gpio_18xx_43xx.o)
                              C:\CIAA\WorkspaceProgMicros\lpcopen_lpc4337\Debug\liblpcopen_lpc4337.a(board.o) (Chip_GPIO_Init)
C:\CIAA\WorkspaceProgMicros\lpcopen_lpc4337\Debug\liblpcopen_lpc4337.a(i2s_18xx_43xx.o)
                              C:\CIAA\WorkspaceProgMicros\lpcopen_lpc4337\Debug\liblpcopen_lpc4337.a(board.o) (Chip_I2S_Init)
C:\CIAA\WorkspaceProgMicros\lpcopen_lpc4337\Debug\liblpcopen_lpc4337.a(sysinit.o)
                              C:\CIAA\WorkspaceProgMicros\lpcopen_lpc4337\Debug\liblpcopen_lpc4337.a(cr_startup_lpc43xx.o) (SystemInit)
C:\CIAA\WorkspaceProgMicros\lpcopen_lpc4337\Debug\liblpcopen_lpc4337.a(uart_18xx_43xx.o)
                              C:\CIAA\WorkspaceProgMicros\lpcopen_lpc4337\Debug\liblpcopen_lpc4337.a(board.o) (Chip_UART_Init)
C:\CIAA\WorkspaceProgMicros\lpcopen_lpc4337\Debug\liblpcopen_lpc4337.a(uda1380.o)
                              C:\CIAA\WorkspaceProgMicros\lpcopen_lpc4337\Debug\liblpcopen_lpc4337.a(board.o) (UDA1380_Init)
C:\CIAA\WorkspaceProgMicros\lpcopen_lpc4337\Debug\liblpcopen_lpc4337.a(board_sysinit.o)
                              C:\CIAA\WorkspaceProgMicros\lpcopen_lpc4337\Debug\liblpcopen_lpc4337.a(sysinit.o) (Board_SystemInit)
C:\CIAA\WorkspaceProgMicros\lpcopen_lpc4337\Debug\liblpcopen_lpc4337.a(fpu_init.o)
                              C:\CIAA\WorkspaceProgMicros\lpcopen_lpc4337\Debug\liblpcopen_lpc4337.a(sysinit.o) (fpuInit)
C:\CIAA\WorkspaceProgMicros\lpcopen_lpc4337\Debug\liblpcopen_lpc4337.a(i2c_18xx_43xx.o)
                              C:\CIAA\WorkspaceProgMicros\lpcopen_lpc4337\Debug\liblpcopen_lpc4337.a(uda1380.o) (Chip_I2C_EventHandlerPolling)
C:\CIAA\WorkspaceProgMicros\lpcopen_lpc4337\Debug\liblpcopen_lpc4337.a(ring_buffer.o)
                              C:\CIAA\WorkspaceProgMicros\lpcopen_lpc4337\Debug\liblpcopen_lpc4337.a(uart_18xx_43xx.o) (RingBuffer_Insert)
C:\CIAA\WorkspaceProgMicros\lpcopen_lpc4337\Debug\liblpcopen_lpc4337.a(sysinit_18xx_43xx.o)
                              C:\CIAA\WorkspaceProgMicros\lpcopen_lpc4337\Debug\liblpcopen_lpc4337.a(board_sysinit.o) (Chip_SetupCoreClock)
c:/ciaa/cygwin/usr/arm-none-eabi/bin/../lib/gcc/arm-none-eabi/4.8.4/armv7e-m/softfp\libgcc.a(_aeabi_uldivmod.o)
                              C:\CIAA\WorkspaceProgMicros\lpcopen_lpc4337\Debug\liblpcopen_lpc4337.a(i2s_18xx_43xx.o) (__aeabi_uldivmod)
c:/ciaa/cygwin/usr/arm-none-eabi/bin/../lib/gcc/arm-none-eabi/4.8.4/armv7e-m/softfp\libgcc.a(bpabi.o)
                              c:/ciaa/cygwin/usr/arm-none-eabi/bin/../lib/gcc/arm-none-eabi/4.8.4/armv7e-m/softfp\libgcc.a(_aeabi_uldivmod.o) (__gnu_uldivmod_helper)
c:/ciaa/cygwin/usr/arm-none-eabi/bin/../lib/gcc/arm-none-eabi/4.8.4/armv7e-m/softfp\libgcc.a(_dvmd_tls.o)
                              c:/ciaa/cygwin/usr/arm-none-eabi/bin/../lib/gcc/arm-none-eabi/4.8.4/armv7e-m/softfp\libgcc.a(_aeabi_uldivmod.o) (__aeabi_ldiv0)
c:/ciaa/cygwin/usr/arm-none-eabi/bin/../lib/gcc/arm-none-eabi/4.8.4/armv7e-m/softfp\libgcc.a(_divdi3.o)
                              c:/ciaa/cygwin/usr/arm-none-eabi/bin/../lib/gcc/arm-none-eabi/4.8.4/armv7e-m/softfp\libgcc.a(bpabi.o) (__divdi3)
c:/ciaa/cygwin/usr/arm-none-eabi/bin/../lib/gcc/arm-none-eabi/4.8.4/armv7e-m/softfp\libgcc.a(_udivdi3.o)
                              c:/ciaa/cygwin/usr/arm-none-eabi/bin/../lib/gcc/arm-none-eabi/4.8.4/armv7e-m/softfp\libgcc.a(bpabi.o) (__udivdi3)
c:/ciaa/cygwin/usr/arm-none-eabi/bin/../lib/gcc/arm-none-eabi/4.8.4/../../../../arm-none-eabi/lib/armv7e-m/softfp\libg_s.a(lib_a-exit.o)
                              c:/ciaa/cygwin/usr/arm-none-eabi/bin/../lib/gcc/arm-none-eabi/4.8.4/../../../../arm-none-eabi/lib/armv7e-m/softfp/crt0.o (exit)
c:/ciaa/cygwin/usr/arm-none-eabi/bin/../lib/gcc/arm-none-eabi/4.8.4/../../../../arm-none-eabi/lib/armv7e-m/softfp\libg_s.a(lib_a-impure.o)
                              c:/ciaa/cygwin/usr/arm-none-eabi/bin/../lib/gcc/arm-none-eabi/4.8.4/../../../../arm-none-eabi/lib/armv7e-m/softfp\libg_s.a(lib_a-exit.o) (_global_impure_ptr)
c:/ciaa/cygwin/usr/arm-none-eabi/bin/../lib/gcc/arm-none-eabi/4.8.4/../../../../arm-none-eabi/lib/armv7e-m/softfp\libg_s.a(lib_a-init.o)
[...]
Memory Configuration

Name             Origin             Length             Attributes
MFlashA512       0x1a000000         0x00080000         xr
MFlashB512       0x1b000000         0x00080000         xr
RamLoc32         0x10000000         0x00008000         xrw
RamLoc40         0x10080000         0x0000a000         xrw
RamAHB32         0x20000000         0x00008000         xrw
RamAHB16         0x20008000         0x00004000         xrw
RamAHB_ETB16     0x2000c000         0x00004000         xrw
*default*        0x00000000         0xffffffff

Linker script and memory map

LOAD c:/ciaa/cygwin/usr/arm-none-eabi/bin/../lib/gcc/arm-none-eabi/4.8.4/armv7e-m/softfp/crti.o
LOAD c:/ciaa/cygwin/usr/arm-none-eabi/bin/../lib/gcc/arm-none-eabi/4.8.4/armv7e-m/softfp/crtbegin.o
LOAD c:/ciaa/cygwin/usr/arm-none-eabi/bin/../lib/gcc/arm-none-eabi/4.8.4/../../../../arm-none-eabi/lib/armv7e-m/softfp/crt0.o
LOAD ./src/main.o
LOAD C:\CIAA\WorkspaceProgMicros\lpcopen_lpc4337\Debug\liblpcopen_lpc4337.a
START GROUP
LOAD c:/ciaa/cygwin/usr/arm-none-eabi/bin/../lib/gcc/arm-none-eabi/4.8.4/armv7e-m/softfp\libgcc.a
LOAD c:/ciaa/cygwin/usr/arm-none-eabi/bin/../lib/gcc/arm-none-eabi/4.8.4/../../../../arm-none-eabi/lib/armv7e-m/softfp\libg_s.a
LOAD c:/ciaa/cygwin/usr/arm-none-eabi/bin/../lib/gcc/arm-none-eabi/4.8.4/../../../../arm-none-eabi/lib/armv7e-m/softfp\libc_s.a
END GROUP
START GROUP
LOAD c:/ciaa/cygwin/usr/arm-none-eabi/bin/../lib/gcc/arm-none-eabi/4.8.4/armv7e-m/softfp\libgcc.a
LOAD c:/ciaa/cygwin/usr/arm-none-eabi/bin/../lib/gcc/arm-none-eabi/4.8.4/../../../../arm-none-eabi/lib/armv7e-m/softfp\libc_s.a
END GROUP
LOAD c:/ciaa/cygwin/usr/arm-none-eabi/bin/../lib/gcc/arm-none-eabi/4.8.4/armv7e-m/softfp/crtend.o
LOAD c:/ciaa/cygwin/usr/arm-none-eabi/bin/../lib/gcc/arm-none-eabi/4.8.4/armv7e-m/softfp/crtn.o
START GROUP
LOAD c:/ciaa/cygwin/usr/arm-none-eabi/bin/../lib/gcc/arm-none-eabi/4.8.4/armv7e-m/softfp\libgcc.a
LOAD c:/ciaa/cygwin/usr/arm-none-eabi/bin/../lib/gcc/arm-none-eabi/4.8.4/../../../../arm-none-eabi/lib/armv7e-m/softfp\libc.a
LOAD c:/ciaa/cygwin/usr/arm-none-eabi/bin/../lib/gcc/arm-none-eabi/4.8.4/../../../../arm-none-eabi/lib/armv7e-m/softfp\libm.a
END GROUP
                0x1a080000                __top_MFlashA512 = 0x1a080000
                0x1b080000                __top_MFlashB512 = 0x1b080000
                0x10008000                __top_RamLoc32 = 0x10008000
                0x1008a000                __top_RamLoc40 = 0x1008a000
                0x20008000                __top_RamAHB32 = 0x20008000
                0x2000c000                __top_RamAHB16 = 0x2000c000
                0x20010000                __top_RamAHB_ETB16 = 0x20010000

.text_Flash2    0x1b000000        0x0
 FILL mask 0xff
 *(.text_Flash2*)
 *(.text_MFlashB512*)
 *(.text.$Flash2*)
 *(.text.$MFlashB512*)
 *(.rodata.$Flash2*)
 *(.rodata.$MFlashB512*)

.text           0x1a000000     0x1450
 FILL mask 0xff
                0x1a000000                __vectors_start__ = ABSOLUTE (.)
 *(.isr_vector)
 .isr_vector    0x1a000000      0x114 C:\CIAA\WorkspaceProgMicros\lpcopen_lpc4337\Debug\liblpcopen_lpc4337.a(cr_startup_lpc43xx.o)
                0x1a000000                g_pfnVectors
                0x1a000114                . = ALIGN (0x4)
                0x1a000114                __section_table_start = .
                0x1a000114                __data_section_table = .
                0x1a000114        0x4 LONG 0x1a001450 LOADADDR (.data)
                0x1a000118        0x4 LONG 0x10000000 ADDR (.data)
                0x1a00011c        0x4 LONG 0x40 SIZEOF (.data)
                0x1a000120        0x4 LONG 0x1a001450 LOADADDR (.data_RAM2)
                0x1a000124        0x4 LONG 0x10080000 ADDR (.data_RAM2)
                0x1a000128        0x4 LONG 0x0 SIZEOF (.data_RAM2)
                0x1a00012c        0x4 LONG 0x1a001450 LOADADDR (.data_RAM3)
                0x1a000130        0x4 LONG 0x20000000 ADDR (.data_RAM3)
                0x1a000134        0x4 LONG 0x0 SIZEOF (.data_RAM3)
                0x1a000138        0x4 LONG 0x1a001450 LOADADDR (.data_RAM4)
                0x1a00013c        0x4 LONG 0x20008000 ADDR (.data_RAM4)
                0x1a000140        0x4 LONG 0x0 SIZEOF (.data_RAM4)
                0x1a000144        0x4 LONG 0x1a001450 LOADADDR (.data_RAM5)
                0x1a000148        0x4 LONG 0x2000c000 ADDR (.data_RAM5)
                0x1a00014c        0x4 LONG 0x0 SIZEOF (.data_RAM5)
                0x1a000150                __data_section_table_end = .
                0x1a000150                __bss_section_table = .
                0x1a000150        0x4 LONG 0x10000040 ADDR (.bss)
                0x1a000154        0x4 LONG 0x10 SIZEOF (.bss)
                0x1a000158        0x4 LONG 0x10080000 ADDR (.bss_RAM2)
                0x1a00015c        0x4 LONG 0x0 SIZEOF (.bss_RAM2)
                0x1a000160        0x4 LONG 0x20000000 ADDR (.bss_RAM3)
                0x1a000164        0x4 LONG 0x0 SIZEOF (.bss_RAM3)
                0x1a000168        0x4 LONG 0x20008000 ADDR (.bss_RAM4)
                0x1a00016c        0x4 LONG 0x0 SIZEOF (.bss_RAM4)
                0x1a000170        0x4 LONG 0x2000c000 ADDR (.bss_RAM5)
                0x1a000174        0x4 LONG 0x0 SIZEOF (.bss_RAM5)
                0x1a000178                __bss_section_table_end = .
                0x1a000178                __section_table_end = .
 *(.after_vectors*)
 .after_vectors
                0x1a000178       0xbc C:\CIAA\WorkspaceProgMicros\lpcopen_lpc4337\Debug\liblpcopen_lpc4337.a(cr_startup_lpc43xx.o)
                0x1a000178                data_init
                0x1a0001bc                bss_init
                0x1a0001f4                NMI_Handler
                0x1a0001fc                HardFault_Handler
                0x1a000204                MemManage_Handler
                0x1a00020c                BusFault_Handler
                0x1a000214                UsageFault_Handler
                0x1a00021c                SVC_Handler
                0x1a000224                DebugMon_Handler
                0x1a00022c                I2C1_IRQHandler
                0x1a00022c                UART1_IRQHandler
                0x1a00022c                GPIO5_IRQHandler
                0x1a00022c                CAN1_IRQHandler
                0x1a00022c                USB1_IRQHandler
                0x1a00022c                I2S0_IRQHandler
                0x1a00022c                TIMER3_IRQHandler
                0x1a00022c                UART0_IRQHandler
                0x1a00022c                SDIO_IRQHandler
                0x1a00022c                SGPIO_IRQHandler
                0x1a00022c                ADC0_IRQHandler
                0x1a00022c                I2C0_IRQHandler
                0x1a00022c                GPIO6_IRQHandler
                0x1a00022c                ADCHS_IRQHandler
                0x1a00022c                GPIO1_IRQHandler
                0x1a00022c                SSP0_IRQHandler
                0x1a00022c                ADC1_IRQHandler
                0x1a00022c                FLASHEEPROM_IRQHandler
                0x1a00022c                RTC_IRQHandler
                0x1a00022c                TIMER0_IRQHandler
                0x1a00022c                SPI_IRQHandler
                0x1a00022c                LCD_IRQHandler
                0x1a00022c                RIT_IRQHandler
                0x1a00022c                TIMER1_IRQHandler
                0x1a00022c                UART2_IRQHandler
                0x1a00022c                GPIO2_IRQHandler
                0x1a00022c                I2S1_IRQHandler
                0x1a00022c                SSP1_IRQHandler
                0x1a00022c                USB0_IRQHandler
                0x1a00022c                GPIO3_IRQHandler
                0x1a00022c                SCT_IRQHandler
                0x1a00022c                ATIMER_IRQHandler
                0x1a00022c                MX_CORE_IRQHandler
                0x1a00022c                WDT_IRQHandler
                0x1a00022c                IntDefaultHandler
                0x1a00022c                GPIO7_IRQHandler
                0x1a00022c                SPIFI_IRQHandler
                0x1a00022c                QEI_IRQHandler
                0x1a00022c                ETH_IRQHandler
                0x1a00022c                CAN0_IRQHandler
                0x1a00022c                GINT0_IRQHandler
                0x1a00022c                DAC_IRQHandler
                0x1a00022c                M0SUB_IRQHandler
                0x1a00022c                GPIO0_IRQHandler
                0x1a00022c                DMA_IRQHandler
                0x1a00022c                EVRT_IRQHandler
                0x1a00022c                TIMER2_IRQHandler
                0x1a00022c                UART3_IRQHandler
                0x1a00022c                MCPWM_IRQHandler
                0x1a00022c                GINT1_IRQHandler
                0x1a00022c                GPIO4_IRQHandler
                0x000002fc                . = 0x2fc
 *fill*         0x1a000234       0xc8 ff
                0x1a0002fc                PROVIDE (__CRP_WORD_START__, .)
 *(.crp)
 .crp           0x1a0002fc        0x4 C:\CIAA\WorkspaceProgMicros\lpcopen_lpc4337\Debug\liblpcopen_lpc4337.a(cr_startup_lpc43xx.o)
                0x1a0002fc                CRP_WORD
                0x1a000300                PROVIDE (__CRP_WORD_END__, .)
                0x00000001                ASSERT (! ((__CRP_WORD_START__ == __CRP_WORD_END__)), Linker CRP Enabled, but no CRP_WORD provided within application)
 *(.text*)
 .text.setupHardware
                0x1a000300       0x20 ./src/main.o
 .text.delay    0x1a000320       0x28 ./src/main.o
                0x1a000320                delay
 .text.estadoRojo
                0x1a000348       0x28 ./src/main.o
                0x1a000348                estadoRojo
 .text.estadoNaranja
                0x1a000370       0x28 ./src/main.o
                0x1a000370                estadoNaranja
 .text.estadoVerde
                0x1a000398       0x28 ./src/main.o
                0x1a000398                estadoVerde
 .text.main     0x1a0003c0       0x80 ./src/main.o
                0x1a0003c0                main
 .text.Chip_SCU_PinMuxSet
                0x1a000440       0x30 C:\CIAA\WorkspaceProgMicros\lpcopen_lpc4337\Debug\liblpcopen_lpc4337.a(board.o)
 .text.Chip_SCU_PinMux
                0x1a000470       0x2c C:\CIAA\WorkspaceProgMicros\lpcopen_lpc4337\Debug\liblpcopen_lpc4337.a(board.o)
 .text.Chip_ENET_RMIIEnable
                0x1a00049c       0x28 C:\CIAA\WorkspaceProgMicros\lpcopen_lpc4337\Debug\liblpcopen_lpc4337.a(board.o)
 .text.Chip_GPIO_SetPinState
                0x1a0004c4       0x28 C:\CIAA\WorkspaceProgMicros\lpcopen_lpc4337\Debug\liblpcopen_lpc4337.a(board.o)
 .text.Chip_GPIO_SetPinDIROutput
                0x1a0004ec       0x3c C:\CIAA\WorkspaceProgMicros\lpcopen_lpc4337\Debug\liblpcopen_lpc4337.a(board.o)
 .text.Chip_GPIO_ClearValue
                0x1a000528       0x28 C:\CIAA\WorkspaceProgMicros\lpcopen_lpc4337\Debug\liblpcopen_lpc4337.a(board.o)
 .text.Board_LED_Init
                0x1a000550       0xcc C:\CIAA\WorkspaceProgMicros\lpcopen_lpc4337\Debug\liblpcopen_lpc4337.a(board.o)
 .text.Board_LED_Set
                0x1a00061c       0x44 C:\CIAA\WorkspaceProgMicros\lpcopen_lpc4337\Debug\liblpcopen_lpc4337.a(board.o)
                0x1a00061c                Board_LED_Set
 .text.Board_Buttons_Init
                0x1a000660       0x58 C:\CIAA\WorkspaceProgMicros\lpcopen_lpc4337\Debug\liblpcopen_lpc4337.a(board.o)
                0x1a000660                Board_Buttons_Init
 .text.Board_Init
                0x1a0006b8       0x58 C:\CIAA\WorkspaceProgMicros\lpcopen_lpc4337\Debug\liblpcopen_lpc4337.a(board.o)
                0x1a0006b8                Board_Init
 .text.SystemCoreClockUpdate
                0x1a000710       0x18 C:\CIAA\WorkspaceProgMicros\lpcopen_lpc4337\Debug\liblpcopen_lpc4337.a(chip_18xx_43xx.o)
                0x1a000710                SystemCoreClockUpdate
 .text.Chip_Clock_TestMainPLLMultiplier
                0x1a000728       0x48 C:\CIAA\WorkspaceProgMicros\lpcopen_lpc4337\Debug\liblpcopen_lpc4337.a(clock_18xx_43xx.o)
 .text.Chip_Clock_GetDivRate
                0x1a000770       0x40 C:\CIAA\WorkspaceProgMicros\lpcopen_lpc4337\Debug\liblpcopen_lpc4337.a(clock_18xx_43xx.o)
 .text.Chip_Clock_FindBaseClock
                0x1a0007b0       0x88 C:\CIAA\WorkspaceProgMicros\lpcopen_lpc4337\Debug\liblpcopen_lpc4337.a(clock_18xx_43xx.o)
 .text.Chip_Clock_EnableCrystal
                0x1a000838       0x6c C:\CIAA\WorkspaceProgMicros\lpcopen_lpc4337\Debug\liblpcopen_lpc4337.a(clock_18xx_43xx.o)
                0x1a000838                Chip_Clock_EnableCrystal
 .text.Chip_Clock_SetupMainPLLHz
                0x1a0008a4      0x128 C:\CIAA\WorkspaceProgMicros\lpcopen_lpc4337\Debug\liblpcopen_lpc4337.a(clock_18xx_43xx.o)
                0x1a0008a4                Chip_Clock_SetupMainPLLHz
 .text.Chip_Clock_SetupMainPLLMult
                0x1a0009cc       0xf8 C:\CIAA\WorkspaceProgMicros\lpcopen_lpc4337\Debug\liblpcopen_lpc4337.a(clock_18xx_43xx.o)
                0x1a0009cc                Chip_Clock_SetupMainPLLMult
 .text.Chip_Clock_GetMainPLLHz
                0x1a000ac4       0xc0 C:\CIAA\WorkspaceProgMicros\lpcopen_lpc4337\Debug\liblpcopen_lpc4337.a(clock_18xx_43xx.o)
                0x1a000ac4                Chip_Clock_GetMainPLLHz
 .text.Chip_Clock_DisableMainPLL
                0x1a000b84       0x1c C:\CIAA\WorkspaceProgMicros\lpcopen_lpc4337\Debug\liblpcopen_lpc4337.a(clock_18xx_43xx.o)
                0x1a000b84                Chip_Clock_DisableMainPLL
 .text.Chip_Clock_SetDivider
                0x1a000ba0       0x84 C:\CIAA\WorkspaceProgMicros\lpcopen_lpc4337\Debug\liblpcopen_lpc4337.a(clock_18xx_43xx.o)
                0x1a000ba0                Chip_Clock_SetDivider
 .text.Chip_Clock_GetDividerSource
                0x1a000c24       0x40 C:\CIAA\WorkspaceProgMicros\lpcopen_lpc4337\Debug\liblpcopen_lpc4337.a(clock_18xx_43xx.o)
                0x1a000c24                Chip_Clock_GetDividerSource
 .text.Chip_Clock_GetDividerDivisor
                0x1a000c64       0x38 C:\CIAA\WorkspaceProgMicros\lpcopen_lpc4337\Debug\liblpcopen_lpc4337.a(clock_18xx_43xx.o)
                0x1a000c64                Chip_Clock_GetDividerDivisor
 .text.Chip_Clock_GetClockInputHz
                0x1a000c9c      0x140 C:\CIAA\WorkspaceProgMicros\lpcopen_lpc4337\Debug\liblpcopen_lpc4337.a(clock_18xx_43xx.o)
                0x1a000c9c                Chip_Clock_GetClockInputHz
 .text.Chip_Clock_GetBaseClocktHz
                0x1a000ddc       0x24 C:\CIAA\WorkspaceProgMicros\lpcopen_lpc4337\Debug\liblpcopen_lpc4337.a(clock_18xx_43xx.o)
                0x1a000ddc                Chip_Clock_GetBaseClocktHz
 .text.Chip_Clock_SetBaseClock
                0x1a000e00       0x8c C:\CIAA\WorkspaceProgMicros\lpcopen_lpc4337\Debug\liblpcopen_lpc4337.a(clock_18xx_43xx.o)
                0x1a000e00                Chip_Clock_SetBaseClock
 .text.Chip_Clock_GetBaseClock
                0x1a000e8c       0x4c C:\CIAA\WorkspaceProgMicros\lpcopen_lpc4337\Debug\liblpcopen_lpc4337.a(clock_18xx_43xx.o)
                0x1a000e8c                Chip_Clock_GetBaseClock
 .text.Chip_Clock_GetRate
                0x1a000ed8       0x88 C:\CIAA\WorkspaceProgMicros\lpcopen_lpc4337\Debug\liblpcopen_lpc4337.a(clock_18xx_43xx.o)
                0x1a000ed8                Chip_Clock_GetRate
 .text.ResetISR
                0x1a000f60       0xc4 C:\CIAA\WorkspaceProgMicros\lpcopen_lpc4337\Debug\liblpcopen_lpc4337.a(cr_startup_lpc43xx.o)
                0x1a000f60                ResetISR
 .text.Chip_GPIO_Init
                0x1a001024       0x14 C:\CIAA\WorkspaceProgMicros\lpcopen_lpc4337\Debug\liblpcopen_lpc4337.a(gpio_18xx_43xx.o)
                0x1a001024                Chip_GPIO_Init
 .text.Chip_GPIO_SetDir
                0x1a001038       0x5c C:\CIAA\WorkspaceProgMicros\lpcopen_lpc4337\Debug\liblpcopen_lpc4337.a(gpio_18xx_43xx.o)
                0x1a001038                Chip_GPIO_SetDir
 .text.SystemInit
                0x1a001094       0x28 C:\CIAA\WorkspaceProgMicros\lpcopen_lpc4337\Debug\liblpcopen_lpc4337.a(sysinit.o)
                0x1a001094                SystemInit
 .text.Chip_SCU_PinMuxSet
                0x1a0010bc       0x30 C:\CIAA\WorkspaceProgMicros\lpcopen_lpc4337\Debug\liblpcopen_lpc4337.a(board_sysinit.o)
 .text.Chip_SCU_SetPinMuxing
                0x1a0010ec       0x4c C:\CIAA\WorkspaceProgMicros\lpcopen_lpc4337\Debug\liblpcopen_lpc4337.a(board_sysinit.o)
 .text.Board_SetupMuxing
                0x1a001138       0x20 C:\CIAA\WorkspaceProgMicros\lpcopen_lpc4337\Debug\liblpcopen_lpc4337.a(board_sysinit.o)
                0x1a001138                Board_SetupMuxing
 .text.Board_SetupClocking
                0x1a001158       0x8c C:\CIAA\WorkspaceProgMicros\lpcopen_lpc4337\Debug\liblpcopen_lpc4337.a(board_sysinit.o)
                0x1a001158                Board_SetupClocking
 .text.Board_SystemInit
                0x1a0011e4       0x10 C:\CIAA\WorkspaceProgMicros\lpcopen_lpc4337\Debug\liblpcopen_lpc4337.a(board_sysinit.o)
                0x1a0011e4                Board_SystemInit
 .text.fpuInit  0x1a0011f4       0x74 C:\CIAA\WorkspaceProgMicros\lpcopen_lpc4337\Debug\liblpcopen_lpc4337.a(fpu_init.o)
                0x1a0011f4                fpuInit
 .text.Chip_SetupCoreClock
                0x1a001268       0xb4 C:\CIAA\WorkspaceProgMicros\lpcopen_lpc4337\Debug\liblpcopen_lpc4337.a(sysinit_18xx_43xx.o)
                0x1a001268                Chip_SetupCoreClock
 *(.rodata .rodata.* .constdata .constdata.*)
 .rodata.ExtRateIn
                0x1a00131c        0x4 C:\CIAA\WorkspaceProgMicros\lpcopen_lpc4337\Debug\liblpcopen_lpc4337.a(board.o)
                0x1a00131c                ExtRateIn
 .rodata.OscRateIn
                0x1a001320        0x4 C:\CIAA\WorkspaceProgMicros\lpcopen_lpc4337\Debug\liblpcopen_lpc4337.a(board.o)
                0x1a001320                OscRateIn
 .rodata.periph_to_base
                0x1a001324       0x6c C:\CIAA\WorkspaceProgMicros\lpcopen_lpc4337\Debug\liblpcopen_lpc4337.a(clock_18xx_43xx.o)
 .rodata        0x1a001390        0xc C:\CIAA\WorkspaceProgMicros\lpcopen_lpc4337\Debug\liblpcopen_lpc4337.a(clock_18xx_43xx.o)
 .rodata.InitClkStates
                0x1a00139c       0x10 C:\CIAA\WorkspaceProgMicros\lpcopen_lpc4337\Debug\liblpcopen_lpc4337.a(board_sysinit.o)
 .rodata.spifipinmuxing
                0x1a0013ac       0x18 C:\CIAA\WorkspaceProgMicros\lpcopen_lpc4337\Debug\liblpcopen_lpc4337.a(board_sysinit.o)
 .rodata.pinmuxing
                0x1a0013c4       0x44 C:\CIAA\WorkspaceProgMicros\lpcopen_lpc4337\Debug\liblpcopen_lpc4337.a(board_sysinit.o)
 .rodata.InitClkStates
                0x1a001408       0x48 C:\CIAA\WorkspaceProgMicros\lpcopen_lpc4337\Debug\liblpcopen_lpc4337.a(sysinit_18xx_43xx.o)
                0x1a001450                . = ALIGN (0x4)

.glue_7         0x1a001450        0x0
 .glue_7        0x00000000        0x0 linker stubs

.glue_7t        0x1a001450        0x0
 .glue_7t       0x00000000        0x0 linker stubs

.vfp11_veneer   0x1a001450        0x0
 .vfp11_veneer  0x00000000        0x0 linker stubs

.v4_bx          0x1a001450        0x0
 .v4_bx         0x00000000        0x0 linker stubs

.iplt           0x1a001450        0x0
 .iplt          0x00000000        0x0 c:/ciaa/cygwin/usr/arm-none-eabi/bin/../lib/gcc/arm-none-eabi/4.8.4/armv7e-m/softfp/crtbegin.o

.rel.dyn        0x1a001450        0x0
 .rel.iplt      0x00000000        0x0 c:/ciaa/cygwin/usr/arm-none-eabi/bin/../lib/gcc/arm-none-eabi/4.8.4/armv7e-m/softfp/crtbegin.o

.ARM.extab
 *(.ARM.extab* .gnu.linkonce.armextab.*)
                0x1a001450                __exidx_start = .

.ARM.exidx
 *(.ARM.exidx* .gnu.linkonce.armexidx.*)
                0x1a001450                __exidx_end = .
                0x1a001450                _etext = .

.data_RAM2      0x10080000        0x0 load address 0x1a001450
 FILL mask 0xff
 *(.ramfunc.$RAM2)
 *(.ramfunc.$RamLoc40)
 *(.data.$RAM2*)
 *(.data.$RamLoc40*)
                0x10080000                . = ALIGN (0x4)

.data_RAM3      0x20000000        0x0 load address 0x1a001450
 FILL mask 0xff
 *(.ramfunc.$RAM3)
 *(.ramfunc.$RamAHB32)
 *(.data.$RAM3*)
 *(.data.$RamAHB32*)
                0x20000000                . = ALIGN (0x4)

.data_RAM4      0x20008000        0x0 load address 0x1a001450
 FILL mask 0xff
 *(.ramfunc.$RAM4)
 *(.ramfunc.$RamAHB16)
 *(.data.$RAM4*)
 *(.data.$RamAHB16*)
                0x20008000                . = ALIGN (0x4)

.data_RAM5      0x2000c000        0x0 load address 0x1a001450
 FILL mask 0xff
 *(.ramfunc.$RAM5)
 *(.ramfunc.$RamAHB_ETB16)
 *(.data.$RAM5*)
 *(.data.$RamAHB_ETB16*)
                0x2000c000                . = ALIGN (0x4)

.uninit_RESERVED
                0x10000000        0x0
 *(.bss.$RESERVED*)
                0x10000000                . = ALIGN (0x4)
                0x10000000                _end_uninit_RESERVED = .

.data           0x10000000       0x40 load address 0x1a001450
 FILL mask 0xff
                0x10000000                _data = .
 *(vtable)
 *(.ramfunc*)
 *(.data*)
 .data.outputs  0x10000000       0x40 C:\CIAA\WorkspaceProgMicros\lpcopen_lpc4337\Debug\liblpcopen_lpc4337.a(board.o)
                0x10000000                outputs
                0x10000040                . = ALIGN (0x4)
                0x10000040                _edata = .

.igot.plt       0x10000040        0x0 load address 0x1a001490
 .igot.plt      0x00000000        0x0 c:/ciaa/cygwin/usr/arm-none-eabi/bin/../lib/gcc/arm-none-eabi/4.8.4/armv7e-m/softfp/crtbegin.o

.bss_RAM2       0x10080000        0x0
 *(.bss.$RAM2*)
 *(.bss.$RamLoc40*)
                0x10080000                . = ALIGN (0x4)

.bss_RAM3       0x20000000        0x0
 *(.bss.$RAM3*)
 *(.bss.$RamAHB32*)
                0x20000000                . = ALIGN (0x4)

.bss_RAM4       0x20008000        0x0
 *(.bss.$RAM4*)
 *(.bss.$RamAHB16*)
                0x20008000                . = ALIGN (0x4)

.bss_RAM5       0x2000c000        0x0
 *(.bss.$RAM5*)
 *(.bss.$RamAHB_ETB16*)
                0x2000c000                . = ALIGN (0x4)

.bss            0x10000040       0x10
                0x10000040                _bss = .
 *(.bss*)
 .bss.estado    0x10000040        0x1 ./src/main.o
                0x10000040                estado
 *fill*         0x10000041        0x3 
 .bss.audio_usb_pll_freq
                0x10000044        0x8 C:\CIAA\WorkspaceProgMicros\lpcopen_lpc4337\Debug\liblpcopen_lpc4337.a(clock_18xx_43xx.o)
 *(COMMON)
 COMMON         0x1000004c        0x4 C:\CIAA\WorkspaceProgMicros\lpcopen_lpc4337\Debug\liblpcopen_lpc4337.a(chip_18xx_43xx.o)
                0x1000004c                SystemCoreClock
                0x10000050                . = ALIGN (0x4)
                0x10000050                _ebss = .
                0x10000050                PROVIDE (end, .)

.noinit_RAM2    0x10080000        0x0
 *(.noinit.$RAM2*)
 *(.noinit.$RamLoc40*)
                0x10080000                . = ALIGN (0x4)

.noinit_RAM3    0x20000000        0x0
 *(.noinit.$RAM3*)
 *(.noinit.$RamAHB32*)
                0x20000000                . = ALIGN (0x4)

.noinit_RAM4    0x20008000        0x0
 *(.noinit.$RAM4*)
 *(.noinit.$RamAHB16*)
                0x20008000                . = ALIGN (0x4)

.noinit_RAM5    0x2000c000        0x0
 *(.noinit.$RAM5*)
 *(.noinit.$RamAHB_ETB16*)
                0x2000c000                . = ALIGN (0x4)

.noinit         0x10000050        0x0
                0x10000050                _noinit = .
 *(.noinit*)
                0x10000050                . = ALIGN (0x4)
                0x10000050                _end_noinit = .
                0x10000050                PROVIDE (_pvHeapStart, .)
                0x10008000                PROVIDE (_vStackTop, (__top_RamLoc32 - 0x0))
OUTPUT(Ej1_pulsador_led.axf elf32-littlearm)

.debug_info     0x00000000     0x574c
 .debug_info    0x00000000      0x641 ./src/main.o
 .debug_info    0x00000641     0x1797 C:\CIAA\WorkspaceProgMicros\lpcopen_lpc4337\Debug\liblpcopen_lpc4337.a(board.o)
 .debug_info    0x00001dd8      0xa43 C:\CIAA\WorkspaceProgMicros\lpcopen_lpc4337\Debug\liblpcopen_lpc4337.a(chip_18xx_43xx.o)
 .debug_info    0x0000281b     0x13cf C:\CIAA\WorkspaceProgMicros\lpcopen_lpc4337\Debug\liblpcopen_lpc4337.a(clock_18xx_43xx.o)
 .debug_info    0x00003bea      0x285 C:\CIAA\WorkspaceProgMicros\lpcopen_lpc4337\Debug\liblpcopen_lpc4337.a(cr_startup_lpc43xx.o)
 .debug_info    0x00003e6f      0x44c C:\CIAA\WorkspaceProgMicros\lpcopen_lpc4337\Debug\liblpcopen_lpc4337.a(gpio_18xx_43xx.o)
 .debug_info    0x000042bb       0xf5 C:\CIAA\WorkspaceProgMicros\lpcopen_lpc4337\Debug\liblpcopen_lpc4337.a(sysinit.o)
 .debug_info    0x000043b0      0xb6e C:\CIAA\WorkspaceProgMicros\lpcopen_lpc4337\Debug\liblpcopen_lpc4337.a(board_sysinit.o)
 .debug_info    0x00004f1e      0x13e C:\CIAA\WorkspaceProgMicros\lpcopen_lpc4337\Debug\liblpcopen_lpc4337.a(fpu_init.o)
 .debug_info    0x0000505c      0x6f0 C:\CIAA\WorkspaceProgMicros\lpcopen_lpc4337\Debug\liblpcopen_lpc4337.a(sysinit_18xx_43xx.o)

.debug_abbrev   0x00000000      0xdff
 .debug_abbrev  0x00000000      0x106 ./src/main.o
 .debug_abbrev  0x00000106      0x327 C:\CIAA\WorkspaceProgMicros\lpcopen_lpc4337\Debug\liblpcopen_lpc4337.a(board.o)
 .debug_abbrev  0x0000042d      0x148 C:\CIAA\WorkspaceProgMicros\lpcopen_lpc4337\Debug\liblpcopen_lpc4337.a(chip_18xx_43xx.o)
 .debug_abbrev  0x00000575      0x2a1 C:\CIAA\WorkspaceProgMicros\lpcopen_lpc4337\Debug\liblpcopen_lpc4337.a(clock_18xx_43xx.o)
 .debug_abbrev  0x00000816       0xfe C:\CIAA\WorkspaceProgMicros\lpcopen_lpc4337\Debug\liblpcopen_lpc4337.a(cr_startup_lpc43xx.o)
 .debug_abbrev  0x00000914      0x111 C:\CIAA\WorkspaceProgMicros\lpcopen_lpc4337\Debug\liblpcopen_lpc4337.a(gpio_18xx_43xx.o)
 .debug_abbrev  0x00000a25       0x9c C:\CIAA\WorkspaceProgMicros\lpcopen_lpc4337\Debug\liblpcopen_lpc4337.a(sysinit.o)
 .debug_abbrev  0x00000ac1      0x18d C:\CIAA\WorkspaceProgMicros\lpcopen_lpc4337\Debug\liblpcopen_lpc4337.a(board_sysinit.o)
 .debug_abbrev  0x00000c4e       0x84 C:\CIAA\WorkspaceProgMicros\lpcopen_lpc4337\Debug\liblpcopen_lpc4337.a(fpu_init.o)
 .debug_abbrev  0x00000cd2      0x12d C:\CIAA\WorkspaceProgMicros\lpcopen_lpc4337\Debug\liblpcopen_lpc4337.a(sysinit_18xx_43xx.o)

.debug_aranges  0x00000000      0x490
 .debug_aranges
                0x00000000       0x48 ./src/main.o
 .debug_aranges
                0x00000048      0x150 C:\CIAA\WorkspaceProgMicros\lpcopen_lpc4337\Debug\liblpcopen_lpc4337.a(board.o)
 .debug_aranges
                0x00000198       0x40 C:\CIAA\WorkspaceProgMicros\lpcopen_lpc4337\Debug\liblpcopen_lpc4337.a(chip_18xx_43xx.o)
 .debug_aranges
                0x000001d8      0x128 C:\CIAA\WorkspaceProgMicros\lpcopen_lpc4337\Debug\liblpcopen_lpc4337.a(clock_18xx_43xx.o)
 .debug_aranges
                0x00000300       0x70 C:\CIAA\WorkspaceProgMicros\lpcopen_lpc4337\Debug\liblpcopen_lpc4337.a(cr_startup_lpc43xx.o)
 .debug_aranges
                0x00000370       0x68 C:\CIAA\WorkspaceProgMicros\lpcopen_lpc4337\Debug\liblpcopen_lpc4337.a(gpio_18xx_43xx.o)
 .debug_aranges
                0x000003d8       0x20 C:\CIAA\WorkspaceProgMicros\lpcopen_lpc4337\Debug\liblpcopen_lpc4337.a(sysinit.o)
 .debug_aranges
                0x000003f8       0x40 C:\CIAA\WorkspaceProgMicros\lpcopen_lpc4337\Debug\liblpcopen_lpc4337.a(board_sysinit.o)
 .debug_aranges
                0x00000438       0x20 C:\CIAA\WorkspaceProgMicros\lpcopen_lpc4337\Debug\liblpcopen_lpc4337.a(fpu_init.o)
 .debug_aranges
                0x00000458       0x38 C:\CIAA\WorkspaceProgMicros\lpcopen_lpc4337\Debug\liblpcopen_lpc4337.a(sysinit_18xx_43xx.o)

.debug_ranges   0x00000000      0x3f0
 .debug_ranges  0x00000000       0x38 ./src/main.o
 .debug_ranges  0x00000038      0x140 C:\CIAA\WorkspaceProgMicros\lpcopen_lpc4337\Debug\liblpcopen_lpc4337.a(board.o)
 .debug_ranges  0x00000178       0x30 C:\CIAA\WorkspaceProgMicros\lpcopen_lpc4337\Debug\liblpcopen_lpc4337.a(chip_18xx_43xx.o)
 .debug_ranges  0x000001a8      0x118 C:\CIAA\WorkspaceProgMicros\lpcopen_lpc4337\Debug\liblpcopen_lpc4337.a(clock_18xx_43xx.o)
 .debug_ranges  0x000002c0       0x60 C:\CIAA\WorkspaceProgMicros\lpcopen_lpc4337\Debug\liblpcopen_lpc4337.a(cr_startup_lpc43xx.o)
 .debug_ranges  0x00000320       0x58 C:\CIAA\WorkspaceProgMicros\lpcopen_lpc4337\Debug\liblpcopen_lpc4337.a(gpio_18xx_43xx.o)
 .debug_ranges  0x00000378       0x10 C:\CIAA\WorkspaceProgMicros\lpcopen_lpc4337\Debug\liblpcopen_lpc4337.a(sysinit.o)
 .debug_ranges  0x00000388       0x30 C:\CIAA\WorkspaceProgMicros\lpcopen_lpc4337\Debug\liblpcopen_lpc4337.a(board_sysinit.o)
 .debug_ranges  0x000003b8       0x10 C:\CIAA\WorkspaceProgMicros\lpcopen_lpc4337\Debug\liblpcopen_lpc4337.a(fpu_init.o)
 .debug_ranges  0x000003c8       0x28 C:\CIAA\WorkspaceProgMicros\lpcopen_lpc4337\Debug\liblpcopen_lpc4337.a(sysinit_18xx_43xx.o)

.debug_macro    0x00000000     0x68af
 .debug_macro   0x00000000      0x42d ./src/main.o
 .debug_macro   0x0000042d      0x87a ./src/main.o
 .debug_macro   0x00000ca7       0x10 ./src/main.o
 .debug_macro   0x00000cb7       0x16 ./src/main.o
 .debug_macro   0x00000ccd       0x44 ./src/main.o
 .debug_macro   0x00000d11      0x209 ./src/main.o
 .debug_macro   0x00000f1a       0x22 ./src/main.o
 .debug_macro   0x00000f3c       0x7b ./src/main.o
 .debug_macro   0x00000fb7       0x28 ./src/main.o
 .debug_macro   0x00000fdf       0x3b ./src/main.o
 .debug_macro   0x0000101a       0x2d ./src/main.o
 .debug_macro   0x00001047       0x42 ./src/main.o
 .debug_macro   0x00001089      0xd39 ./src/main.o
 .debug_macro   0x00001dc2      0x2bc ./src/main.o
 .debug_macro   0x0000207e      0x112 ./src/main.o
 .debug_macro   0x00002190       0x11 ./src/main.o
 .debug_macro   0x000021a1       0x1e ./src/main.o
 .debug_macro   0x000021bf       0x16 ./src/main.o
 .debug_macro   0x000021d5      0x2e6 ./src/main.o
 .debug_macro   0x000024bb       0x82 ./src/main.o
 .debug_macro   0x0000253d      0x13d ./src/main.o
 .debug_macro   0x0000267a      0x198 ./src/main.o
 .debug_macro   0x00002812       0x34 ./src/main.o
 .debug_macro   0x00002846       0x58 ./src/main.o
 .debug_macro   0x0000289e      0x236 ./src/main.o
 .debug_macro   0x00002ad4      0x572 ./src/main.o
 .debug_macro   0x00003046       0x16 ./src/main.o
 .debug_macro   0x0000305c      0x18a ./src/main.o
 .debug_macro   0x000031e6       0x88 ./src/main.o
 .debug_macro   0x0000326e      0x1b9 ./src/main.o
 .debug_macro   0x00003427      0x1da ./src/main.o
 .debug_macro   0x00003601       0x40 ./src/main.o
 .debug_macro   0x00003641       0x1c ./src/main.o
 .debug_macro   0x0000365d       0x2e ./src/main.o
 .debug_macro   0x0000368b       0x2e ./src/main.o
 .debug_macro   0x000036b9       0x22 ./src/main.o
 .debug_macro   0x000036db      0x201 ./src/main.o
 .debug_macro   0x000038dc       0xe0 ./src/main.o
 .debug_macro   0x000039bc      0x34c ./src/main.o
 .debug_macro   0x00003d08       0xdc ./src/main.o
 .debug_macro   0x00003de4       0x94 ./src/main.o
 .debug_macro   0x00003e78       0xb8 ./src/main.o
 .debug_macro   0x00003f30       0x4c ./src/main.o
 .debug_macro   0x00003f7c       0x16 ./src/main.o
 .debug_macro   0x00003f92      0x328 ./src/main.o
 .debug_macro   0x000042ba       0x3a ./src/main.o
 .debug_macro   0x000042f4       0xd0 ./src/main.o
 .debug_macro   0x000043c4       0x18 ./src/main.o
 .debug_macro   0x000043dc       0x22 ./src/main.o
 .debug_macro   0x000043fe       0x40 ./src/main.o
 .debug_macro   0x0000443e       0x76 ./src/main.o
 .debug_macro   0x000044b4       0x58 ./src/main.o
 .debug_macro   0x0000450c       0x35 ./src/main.o
 .debug_macro   0x00004541       0xa3 ./src/main.o
 .debug_macro   0x000045e4       0x16 ./src/main.o
 .debug_macro   0x000045fa       0x97 ./src/main.o
 .debug_macro   0x00004691       0x10 ./src/main.o
 .debug_macro   0x000046a1       0xf6 ./src/main.o
 .debug_macro   0x00004797       0x52 ./src/main.o
 .debug_macro   0x000047e9       0x16 ./src/main.o
 .debug_macro   0x000047ff       0x43 ./src/main.o
 .debug_macro   0x00004842      0x180 ./src/main.o
 .debug_macro   0x000049c2       0x10 ./src/main.o
 .debug_macro   0x000049d2       0x22 ./src/main.o
 .debug_macro   0x000049f4       0xbd ./src/main.o
 .debug_macro   0x00004ab1       0x16 ./src/main.o
 .debug_macro   0x00004ac7      0x16c ./src/main.o
 .debug_macro   0x00004c33       0x20 ./src/main.o
 .debug_macro   0x00004c53       0x28 ./src/main.o
 .debug_macro   0x00004c7b      0x124 ./src/main.o
 .debug_macro   0x00004d9f      0x419 C:\CIAA\WorkspaceProgMicros\lpcopen_lpc4337\Debug\liblpcopen_lpc4337.a(board.o)
 .debug_macro   0x000051b8      0x283 C:\CIAA\WorkspaceProgMicros\lpcopen_lpc4337\Debug\liblpcopen_lpc4337.a(board.o)
 .debug_macro   0x0000543b       0x10 C:\CIAA\WorkspaceProgMicros\lpcopen_lpc4337\Debug\liblpcopen_lpc4337.a(board.o)
 .debug_macro   0x0000544b       0x35 C:\CIAA\WorkspaceProgMicros\lpcopen_lpc4337\Debug\liblpcopen_lpc4337.a(board.o)
 .debug_macro   0x00005480       0x1f C:\CIAA\WorkspaceProgMicros\lpcopen_lpc4337\Debug\liblpcopen_lpc4337.a(board.o)
 .debug_macro   0x0000549f       0x12 C:\CIAA\WorkspaceProgMicros\lpcopen_lpc4337\Debug\liblpcopen_lpc4337.a(board.o)
 .debug_macro   0x000054b1      0x2d6 C:\CIAA\WorkspaceProgMicros\lpcopen_lpc4337\Debug\liblpcopen_lpc4337.a(chip_18xx_43xx.o)
 .debug_macro   0x00005787      0x2dc C:\CIAA\WorkspaceProgMicros\lpcopen_lpc4337\Debug\liblpcopen_lpc4337.a(clock_18xx_43xx.o)
 .debug_macro   0x00005a63       0x24 C:\CIAA\WorkspaceProgMicros\lpcopen_lpc4337\Debug\liblpcopen_lpc4337.a(cr_startup_lpc43xx.o)
 .debug_macro   0x00005a87      0x2d6 C:\CIAA\WorkspaceProgMicros\lpcopen_lpc4337\Debug\liblpcopen_lpc4337.a(gpio_18xx_43xx.o)
 .debug_macro   0x00005d5d      0x3db C:\CIAA\WorkspaceProgMicros\lpcopen_lpc4337\Debug\liblpcopen_lpc4337.a(sysinit.o)
 .debug_macro   0x00006138      0x3db C:\CIAA\WorkspaceProgMicros\lpcopen_lpc4337\Debug\liblpcopen_lpc4337.a(board_sysinit.o)
 .debug_macro   0x00006513       0xc6 C:\CIAA\WorkspaceProgMicros\lpcopen_lpc4337\Debug\liblpcopen_lpc4337.a(fpu_init.o)
 .debug_macro   0x000065d9      0x2d6 C:\CIAA\WorkspaceProgMicros\lpcopen_lpc4337\Debug\liblpcopen_lpc4337.a(sysinit_18xx_43xx.o)

.debug_line     0x00000000     0x41de
 .debug_line    0x00000000      0x7b7 ./src/main.o
 .debug_line    0x000007b7      0xad2 C:\CIAA\WorkspaceProgMicros\lpcopen_lpc4337\Debug\liblpcopen_lpc4337.a(board.o)
 .debug_line    0x00001289      0x692 C:\CIAA\WorkspaceProgMicros\lpcopen_lpc4337\Debug\liblpcopen_lpc4337.a(chip_18xx_43xx.o)
 .debug_line    0x0000191b      0x99c C:\CIAA\WorkspaceProgMicros\lpcopen_lpc4337\Debug\liblpcopen_lpc4337.a(clock_18xx_43xx.o)
 .debug_line    0x000022b7       0xf4 C:\CIAA\WorkspaceProgMicros\lpcopen_lpc4337\Debug\liblpcopen_lpc4337.a(cr_startup_lpc43xx.o)
 .debug_line    0x000023ab      0x6e3 C:\CIAA\WorkspaceProgMicros\lpcopen_lpc4337\Debug\liblpcopen_lpc4337.a(gpio_18xx_43xx.o)
 .debug_line    0x00002a8e      0x6ff C:\CIAA\WorkspaceProgMicros\lpcopen_lpc4337\Debug\liblpcopen_lpc4337.a(sysinit.o)
 .debug_line    0x0000318d      0x77a C:\CIAA\WorkspaceProgMicros\lpcopen_lpc4337\Debug\liblpcopen_lpc4337.a(board_sysinit.o)
 .debug_line    0x00003907      0x256 C:\CIAA\WorkspaceProgMicros\lpcopen_lpc4337\Debug\liblpcopen_lpc4337.a(fpu_init.o)
 .debug_line    0x00003b5d      0x681 C:\CIAA\WorkspaceProgMicros\lpcopen_lpc4337\Debug\liblpcopen_lpc4337.a(sysinit_18xx_43xx.o)

.debug_str      0x00000000    0x19595
 .debug_str     0x00000000    0x1717b ./src/main.o
                              0x173c1 (size before relaxing)
 .debug_str     0x0001717b     0x1798 C:\CIAA\WorkspaceProgMicros\lpcopen_lpc4337\Debug\liblpcopen_lpc4337.a(board.o)
                              0x18af7 (size before relaxing)
 .debug_str     0x00018913      0x1ac C:\CIAA\WorkspaceProgMicros\lpcopen_lpc4337\Debug\liblpcopen_lpc4337.a(chip_18xx_43xx.o)
                              0x14d2b (size before relaxing)
 .debug_str     0x00018abf      0x5e8 C:\CIAA\WorkspaceProgMicros\lpcopen_lpc4337\Debug\liblpcopen_lpc4337.a(clock_18xx_43xx.o)
                              0x1527e (size before relaxing)
 .debug_str     0x000190a7      0x1de C:\CIAA\WorkspaceProgMicros\lpcopen_lpc4337\Debug\liblpcopen_lpc4337.a(cr_startup_lpc43xx.o)
                               0x2669 (size before relaxing)
 .debug_str     0x00019285       0xec C:\CIAA\WorkspaceProgMicros\lpcopen_lpc4337\Debug\liblpcopen_lpc4337.a(gpio_18xx_43xx.o)
                              0x1412d (size before relaxing)
 .debug_str     0x00019371       0x1b C:\CIAA\WorkspaceProgMicros\lpcopen_lpc4337\Debug\liblpcopen_lpc4337.a(sysinit.o)
                              0x168f4 (size before relaxing)
 .debug_str     0x0001938c       0xd6 C:\CIAA\WorkspaceProgMicros\lpcopen_lpc4337\Debug\liblpcopen_lpc4337.a(board_sysinit.o)
                              0x176b3 (size before relaxing)
 .debug_str     0x00019462       0xb5 C:\CIAA\WorkspaceProgMicros\lpcopen_lpc4337\Debug\liblpcopen_lpc4337.a(fpu_init.o)
                               0x8c20 (size before relaxing)
 .debug_str     0x00019517       0x7e C:\CIAA\WorkspaceProgMicros\lpcopen_lpc4337\Debug\liblpcopen_lpc4337.a(sysinit_18xx_43xx.o)
                              0x14bd3 (size before relaxing)

.comment        0x00000000       0x70
 .comment       0x00000000       0x70 ./src/main.o
                                 0x71 (size before relaxing)
 .comment       0x00000000       0x71 C:\CIAA\WorkspaceProgMicros\lpcopen_lpc4337\Debug\liblpcopen_lpc4337.a(board.o)
 .comment       0x00000000       0x71 C:\CIAA\WorkspaceProgMicros\lpcopen_lpc4337\Debug\liblpcopen_lpc4337.a(chip_18xx_43xx.o)
 .comment       0x00000000       0x71 C:\CIAA\WorkspaceProgMicros\lpcopen_lpc4337\Debug\liblpcopen_lpc4337.a(clock_18xx_43xx.o)
 .comment       0x00000000       0x71 C:\CIAA\WorkspaceProgMicros\lpcopen_lpc4337\Debug\liblpcopen_lpc4337.a(cr_startup_lpc43xx.o)
 .comment       0x00000000       0x71 C:\CIAA\WorkspaceProgMicros\lpcopen_lpc4337\Debug\liblpcopen_lpc4337.a(gpio_18xx_43xx.o)
 .comment       0x00000000       0x71 C:\CIAA\WorkspaceProgMicros\lpcopen_lpc4337\Debug\liblpcopen_lpc4337.a(sysinit.o)
 .comment       0x00000000       0x71 C:\CIAA\WorkspaceProgMicros\lpcopen_lpc4337\Debug\liblpcopen_lpc4337.a(board_sysinit.o)
 .comment       0x00000000       0x71 C:\CIAA\WorkspaceProgMicros\lpcopen_lpc4337\Debug\liblpcopen_lpc4337.a(fpu_init.o)
 .comment       0x00000000       0x71 C:\CIAA\WorkspaceProgMicros\lpcopen_lpc4337\Debug\liblpcopen_lpc4337.a(sysinit_18xx_43xx.o)

.ARM.attributes
                0x00000000       0x2e
 .ARM.attributes
                0x00000000       0x37 ./src/main.o
 .ARM.attributes
                0x00000037       0x37 C:\CIAA\WorkspaceProgMicros\lpcopen_lpc4337\Debug\liblpcopen_lpc4337.a(board.o)
 .ARM.attributes
                0x0000006e       0x37 C:\CIAA\WorkspaceProgMicros\lpcopen_lpc4337\Debug\liblpcopen_lpc4337.a(chip_18xx_43xx.o)
 .ARM.attributes
                0x000000a5       0x37 C:\CIAA\WorkspaceProgMicros\lpcopen_lpc4337\Debug\liblpcopen_lpc4337.a(clock_18xx_43xx.o)
 .ARM.attributes
                0x000000dc       0x37 C:\CIAA\WorkspaceProgMicros\lpcopen_lpc4337\Debug\liblpcopen_lpc4337.a(cr_startup_lpc43xx.o)
 .ARM.attributes
                0x00000113       0x37 C:\CIAA\WorkspaceProgMicros\lpcopen_lpc4337\Debug\liblpcopen_lpc4337.a(gpio_18xx_43xx.o)
 .ARM.attributes
                0x0000014a       0x37 C:\CIAA\WorkspaceProgMicros\lpcopen_lpc4337\Debug\liblpcopen_lpc4337.a(sysinit.o)
 .ARM.attributes
                0x00000181       0x37 C:\CIAA\WorkspaceProgMicros\lpcopen_lpc4337\Debug\liblpcopen_lpc4337.a(board_sysinit.o)
 .ARM.attributes
                0x000001b8       0x37 C:\CIAA\WorkspaceProgMicros\lpcopen_lpc4337\Debug\liblpcopen_lpc4337.a(fpu_init.o)
 .ARM.attributes
                0x000001ef       0x37 C:\CIAA\WorkspaceProgMicros\lpcopen_lpc4337\Debug\liblpcopen_lpc4337.a(sysinit_18xx_43xx.o)

.debug_frame    0x00000000      0xd70
 .debug_frame   0x00000000       0xb8 ./src/main.o
 .debug_frame   0x000000b8      0x478 C:\CIAA\WorkspaceProgMicros\lpcopen_lpc4337\Debug\liblpcopen_lpc4337.a(board.o)
 .debug_frame   0x00000530       0x98 C:\CIAA\WorkspaceProgMicros\lpcopen_lpc4337\Debug\liblpcopen_lpc4337.a(chip_18xx_43xx.o)
 .debug_frame   0x000005c8      0x3cc C:\CIAA\WorkspaceProgMicros\lpcopen_lpc4337\Debug\liblpcopen_lpc4337.a(clock_18xx_43xx.o)
 .debug_frame   0x00000994      0x128 C:\CIAA\WorkspaceProgMicros\lpcopen_lpc4337\Debug\liblpcopen_lpc4337.a(cr_startup_lpc43xx.o)
 .debug_frame   0x00000abc      0x130 C:\CIAA\WorkspaceProgMicros\lpcopen_lpc4337\Debug\liblpcopen_lpc4337.a(gpio_18xx_43xx.o)
 .debug_frame   0x00000bec       0x30 C:\CIAA\WorkspaceProgMicros\lpcopen_lpc4337\Debug\liblpcopen_lpc4337.a(sysinit.o)
 .debug_frame   0x00000c1c       0xa4 C:\CIAA\WorkspaceProgMicros\lpcopen_lpc4337\Debug\liblpcopen_lpc4337.a(board_sysinit.o)
 .debug_frame   0x00000cc0       0x2c C:\CIAA\WorkspaceProgMicros\lpcopen_lpc4337\Debug\liblpcopen_lpc4337.a(fpu_init.o)
 .debug_frame   0x00000cec       0x84 C:\CIAA\WorkspaceProgMicros\lpcopen_lpc4337\Debug\liblpcopen_lpc4337.a(sysinit_18xx_43xx.o)
