Archive member included because of file (symbol)

C:\CIAA\WorkspaceProgMicros\lpcopen_lpc4337\Debug\liblpcopen_lpc4337.a(adc_18xx_43xx.o)
                              ./src/miadc.o (Chip_ADC_Init)
C:\CIAA\WorkspaceProgMicros\lpcopen_lpc4337\Debug\liblpcopen_lpc4337.a(board.o)
                              ./src/main.o (Board_LED_Set)
C:\CIAA\WorkspaceProgMicros\lpcopen_lpc4337\Debug\liblpcopen_lpc4337.a(chip_18xx_43xx.o)
                              ./src/main.o (SystemCoreClockUpdate)
C:\CIAA\WorkspaceProgMicros\lpcopen_lpc4337\Debug\liblpcopen_lpc4337.a(clock_18xx_43xx.o)
                              C:\CIAA\WorkspaceProgMicros\lpcopen_lpc4337\Debug\liblpcopen_lpc4337.a(chip_18xx_43xx.o) (Chip_Clock_GetClockInputHz)
C:\CIAA\WorkspaceProgMicros\lpcopen_lpc4337\Debug\liblpcopen_lpc4337.a(cr_startup_lpc43xx.o)
                              (ResetISR)
C:\CIAA\WorkspaceProgMicros\lpcopen_lpc4337\Debug\liblpcopen_lpc4337.a(gpio_18xx_43xx.o)
                              C:\CIAA\WorkspaceProgMicros\lpcopen_lpc4337\Debug\liblpcopen_lpc4337.a(board.o) (Chip_GPIO_Init)
C:\CIAA\WorkspaceProgMicros\lpcopen_lpc4337\Debug\liblpcopen_lpc4337.a(i2s_18xx_43xx.o)
                              C:\CIAA\WorkspaceProgMicros\lpcopen_lpc4337\Debug\liblpcopen_lpc4337.a(board.o) (Chip_I2S_Init)
C:\CIAA\WorkspaceProgMicros\lpcopen_lpc4337\Debug\liblpcopen_lpc4337.a(sysinit.o)
                              C:\CIAA\WorkspaceProgMicros\lpcopen_lpc4337\Debug\liblpcopen_lpc4337.a(cr_startup_lpc43xx.o) (SystemInit)
C:\CIAA\WorkspaceProgMicros\lpcopen_lpc4337\Debug\liblpcopen_lpc4337.a(uart_18xx_43xx.o)
                              ./src/miuart.o (Chip_UART_Init)
C:\CIAA\WorkspaceProgMicros\lpcopen_lpc4337\Debug\liblpcopen_lpc4337.a(uda1380.o)
                              C:\CIAA\WorkspaceProgMicros\lpcopen_lpc4337\Debug\liblpcopen_lpc4337.a(board.o) (UDA1380_Init)
C:\CIAA\WorkspaceProgMicros\lpcopen_lpc4337\Debug\liblpcopen_lpc4337.a(board_sysinit.o)
                              C:\CIAA\WorkspaceProgMicros\lpcopen_lpc4337\Debug\liblpcopen_lpc4337.a(sysinit.o) (Board_SystemInit)
C:\CIAA\WorkspaceProgMicros\lpcopen_lpc4337\Debug\liblpcopen_lpc4337.a(fpu_init.o)
                              C:\CIAA\WorkspaceProgMicros\lpcopen_lpc4337\Debug\liblpcopen_lpc4337.a(sysinit.o) (fpuInit)
C:\CIAA\WorkspaceProgMicros\lpcopen_lpc4337\Debug\liblpcopen_lpc4337.a(i2c_18xx_43xx.o)
                              C:\CIAA\WorkspaceProgMicros\lpcopen_lpc4337\Debug\liblpcopen_lpc4337.a(uda1380.o) (Chip_I2C_EventHandlerPolling)
C:\CIAA\WorkspaceProgMicros\lpcopen_lpc4337\Debug\liblpcopen_lpc4337.a(ring_buffer.o)
                              C:\CIAA\WorkspaceProgMicros\lpcopen_lpc4337\Debug\liblpcopen_lpc4337.a(uart_18xx_43xx.o) (RingBuffer_Insert)
C:\CIAA\WorkspaceProgMicros\lpcopen_lpc4337\Debug\liblpcopen_lpc4337.a(sysinit_18xx_43xx.o)
                              C:\CIAA\WorkspaceProgMicros\lpcopen_lpc4337\Debug\liblpcopen_lpc4337.a(board_sysinit.o) (Chip_SetupCoreClock)
c:/ciaa/cygwin/usr/arm-none-eabi/bin/../lib/gcc/arm-none-eabi/4.8.4/armv7e-m/softfp\libgcc.a(_aeabi_uldivmod.o)
                              C:\CIAA\WorkspaceProgMicros\lpcopen_lpc4337\Debug\liblpcopen_lpc4337.a(i2s_18xx_43xx.o) (__aeabi_uldivmod)
c:/ciaa/cygwin/usr/arm-none-eabi/bin/../lib/gcc/arm-none-eabi/4.8.4/armv7e-m/softfp\libgcc.a(bpabi.o)
                              c:/ciaa/cygwin/usr/arm-none-eabi/bin/../lib/gcc/arm-none-eabi/4.8.4/armv7e-m/softfp\libgcc.a(_aeabi_uldivmod.o) (__gnu_uldivmod_helper)
c:/ciaa/cygwin/usr/arm-none-eabi/bin/../lib/gcc/arm-none-eabi/4.8.4/armv7e-m/softfp\libgcc.a(_dvmd_tls.o)
                              c:/ciaa/cygwin/usr/arm-none-eabi/bin/../lib/gcc/arm-none-eabi/4.8.4/armv7e-m/softfp\libgcc.a(_aeabi_uldivmod.o) (__aeabi_ldiv0)
c:/ciaa/cygwin/usr/arm-none-eabi/bin/../lib/gcc/arm-none-eabi/4.8.4/armv7e-m/softfp\libgcc.a(_divdi3.o)
                              c:/ciaa/cygwin/usr/arm-none-eabi/bin/../lib/gcc/arm-none-eabi/4.8.4/armv7e-m/softfp\libgcc.a(bpabi.o) (__divdi3)
c:/ciaa/cygwin/usr/arm-none-eabi/bin/../lib/gcc/arm-none-eabi/4.8.4/armv7e-m/softfp\libgcc.a(_udivdi3.o)
                              c:/ciaa/cygwin/usr/arm-none-eabi/bin/../lib/gcc/arm-none-eabi/4.8.4/armv7e-m/softfp\libgcc.a(bpabi.o) (__udivdi3)
c:/ciaa/cygwin/usr/arm-none-eabi/bin/../lib/gcc/arm-none-eabi/4.8.4/../../../../arm-none-eabi/lib/armv7e-m/softfp\libg_s.a(lib_a-exit.o)
                              c:/ciaa/cygwin/usr/arm-none-eabi/bin/../lib/gcc/arm-none-eabi/4.8.4/../../../../arm-none-eabi/lib/armv7e-m/softfp/crt0.o (exit)
c:/ciaa/cygwin/usr/arm-none-eabi/bin/../lib/gcc/arm-none-eabi/4.8.4/../../../../arm-none-eabi/lib/armv7e-m/softfp\libg_s.a(lib_a-impure.o)
                              c:/ciaa/cygwin/usr/arm-none-eabi/bin/../lib/gcc/arm-none-eabi/4.8.4/../../../../arm-none-eabi/lib/armv7e-m/softfp\libg_s.a(lib_a-exit.o) (_global_impure_ptr)
[...]
Memory Configuration

Name             Origin             Length             Attributes
MFlashA512       0x1a000000         0x00080000         xr
MFlashB512       0x1b000000         0x00080000         xr
RamLoc32         0x10000000         0x00008000         xrw
RamLoc40         0x10080000         0x0000a000         xrw
RamAHB32         0x20000000         0x00008000         xrw
RamAHB16         0x20008000         0x00004000         xrw
RamAHB_ETB16     0x2000c000         0x00004000         xrw
*default*        0x00000000         0xffffffff

Linker script and memory map

LOAD c:/ciaa/cygwin/usr/arm-none-eabi/bin/../lib/gcc/arm-none-eabi/4.8.4/armv7e-m/softfp/crti.o
LOAD c:/ciaa/cygwin/usr/arm-none-eabi/bin/../lib/gcc/arm-none-eabi/4.8.4/armv7e-m/softfp/crtbegin.o
LOAD c:/ciaa/cygwin/usr/arm-none-eabi/bin/../lib/gcc/arm-none-eabi/4.8.4/../../../../arm-none-eabi/lib/armv7e-m/softfp/crt0.o
LOAD ./src/main.o
LOAD ./src/miadc.o
LOAD ./src/mistring.o
LOAD ./src/miuart.o
LOAD C:\CIAA\WorkspaceProgMicros\lpcopen_lpc4337\Debug\liblpcopen_lpc4337.a
START GROUP
LOAD c:/ciaa/cygwin/usr/arm-none-eabi/bin/../lib/gcc/arm-none-eabi/4.8.4/armv7e-m/softfp\libgcc.a
LOAD c:/ciaa/cygwin/usr/arm-none-eabi/bin/../lib/gcc/arm-none-eabi/4.8.4/../../../../arm-none-eabi/lib/armv7e-m/softfp\libg_s.a
LOAD c:/ciaa/cygwin/usr/arm-none-eabi/bin/../lib/gcc/arm-none-eabi/4.8.4/../../../../arm-none-eabi/lib/armv7e-m/softfp\libc_s.a
END GROUP
START GROUP
LOAD c:/ciaa/cygwin/usr/arm-none-eabi/bin/../lib/gcc/arm-none-eabi/4.8.4/armv7e-m/softfp\libgcc.a
LOAD c:/ciaa/cygwin/usr/arm-none-eabi/bin/../lib/gcc/arm-none-eabi/4.8.4/../../../../arm-none-eabi/lib/armv7e-m/softfp\libc_s.a
END GROUP
LOAD c:/ciaa/cygwin/usr/arm-none-eabi/bin/../lib/gcc/arm-none-eabi/4.8.4/armv7e-m/softfp/crtend.o
LOAD c:/ciaa/cygwin/usr/arm-none-eabi/bin/../lib/gcc/arm-none-eabi/4.8.4/armv7e-m/softfp/crtn.o
START GROUP
LOAD c:/ciaa/cygwin/usr/arm-none-eabi/bin/../lib/gcc/arm-none-eabi/4.8.4/armv7e-m/softfp\libgcc.a
LOAD c:/ciaa/cygwin/usr/arm-none-eabi/bin/../lib/gcc/arm-none-eabi/4.8.4/../../../../arm-none-eabi/lib/armv7e-m/softfp\libc.a
LOAD c:/ciaa/cygwin/usr/arm-none-eabi/bin/../lib/gcc/arm-none-eabi/4.8.4/../../../../arm-none-eabi/lib/armv7e-m/softfp\libm.a
END GROUP
                0x1a080000                __top_MFlashA512 = 0x1a080000
                0x1b080000                __top_MFlashB512 = 0x1b080000
                0x10008000                __top_RamLoc32 = 0x10008000
                0x1008a000                __top_RamLoc40 = 0x1008a000
                0x20008000                __top_RamAHB32 = 0x20008000
                0x2000c000                __top_RamAHB16 = 0x2000c000
                0x20010000                __top_RamAHB_ETB16 = 0x20010000

.text_Flash2    0x1b000000        0x0
 FILL mask 0xff
 *(.text_Flash2*)
 *(.text_MFlashB512*)
 *(.text.$Flash2*)
 *(.text.$MFlashB512*)
 *(.rodata.$Flash2*)
 *(.rodata.$MFlashB512*)

.text           0x1a000000     0x28a4
 FILL mask 0xff
                0x1a000000                __vectors_start__ = ABSOLUTE (.)
 *(.isr_vector)
 .isr_vector    0x1a000000      0x114 C:\CIAA\WorkspaceProgMicros\lpcopen_lpc4337\Debug\liblpcopen_lpc4337.a(cr_startup_lpc43xx.o)
                0x1a000000                g_pfnVectors
                0x1a000114                . = ALIGN (0x4)
                0x1a000114                __section_table_start = .
                0x1a000114                __data_section_table = .
                0x1a000114        0x4 LONG 0x1a0028a4 LOADADDR (.data)
                0x1a000118        0x4 LONG 0x10000000 ADDR (.data)
                0x1a00011c        0x4 LONG 0x88 SIZEOF (.data)
                0x1a000120        0x4 LONG 0x1a0028a4 LOADADDR (.data_RAM2)
                0x1a000124        0x4 LONG 0x10080000 ADDR (.data_RAM2)
                0x1a000128        0x4 LONG 0x0 SIZEOF (.data_RAM2)
                0x1a00012c        0x4 LONG 0x1a0028a4 LOADADDR (.data_RAM3)
                0x1a000130        0x4 LONG 0x20000000 ADDR (.data_RAM3)
                0x1a000134        0x4 LONG 0x0 SIZEOF (.data_RAM3)
                0x1a000138        0x4 LONG 0x1a0028a4 LOADADDR (.data_RAM4)
                0x1a00013c        0x4 LONG 0x20008000 ADDR (.data_RAM4)
                0x1a000140        0x4 LONG 0x0 SIZEOF (.data_RAM4)
                0x1a000144        0x4 LONG 0x1a0028a4 LOADADDR (.data_RAM5)
                0x1a000148        0x4 LONG 0x2000c000 ADDR (.data_RAM5)
                0x1a00014c        0x4 LONG 0x0 SIZEOF (.data_RAM5)
                0x1a000150                __data_section_table_end = .
                0x1a000150                __bss_section_table = .
                0x1a000150        0x4 LONG 0x10000088 ADDR (.bss)
                0x1a000154        0x4 LONG 0xb4 SIZEOF (.bss)
                0x1a000158        0x4 LONG 0x10080000 ADDR (.bss_RAM2)
                0x1a00015c        0x4 LONG 0x0 SIZEOF (.bss_RAM2)
                0x1a000160        0x4 LONG 0x20000000 ADDR (.bss_RAM3)
                0x1a000164        0x4 LONG 0x0 SIZEOF (.bss_RAM3)
                0x1a000168        0x4 LONG 0x20008000 ADDR (.bss_RAM4)
                0x1a00016c        0x4 LONG 0x0 SIZEOF (.bss_RAM4)
                0x1a000170        0x4 LONG 0x2000c000 ADDR (.bss_RAM5)
                0x1a000174        0x4 LONG 0x0 SIZEOF (.bss_RAM5)
                0x1a000178                __bss_section_table_end = .
                0x1a000178                __section_table_end = .
 *(.after_vectors*)
 .after_vectors
                0x1a000178       0xbc C:\CIAA\WorkspaceProgMicros\lpcopen_lpc4337\Debug\liblpcopen_lpc4337.a(cr_startup_lpc43xx.o)
                0x1a000178                data_init
                0x1a0001bc                bss_init
                0x1a0001f4                NMI_Handler
                0x1a0001fc                HardFault_Handler
                0x1a000204                MemManage_Handler
                0x1a00020c                BusFault_Handler
                0x1a000214                UsageFault_Handler
                0x1a00021c                SVC_Handler
                0x1a000224                DebugMon_Handler
                0x1a00022c                I2C1_IRQHandler
                0x1a00022c                UART1_IRQHandler
                0x1a00022c                GPIO5_IRQHandler
                0x1a00022c                CAN1_IRQHandler
                0x1a00022c                USB1_IRQHandler
                0x1a00022c                I2S0_IRQHandler
                0x1a00022c                TIMER3_IRQHandler
                0x1a00022c                UART0_IRQHandler
                0x1a00022c                SDIO_IRQHandler
                0x1a00022c                SGPIO_IRQHandler
                0x1a00022c                ADC0_IRQHandler
                0x1a00022c                I2C0_IRQHandler
                0x1a00022c                GPIO6_IRQHandler
                0x1a00022c                ADCHS_IRQHandler
                0x1a00022c                GPIO1_IRQHandler
                0x1a00022c                SSP0_IRQHandler
                0x1a00022c                ADC1_IRQHandler
                0x1a00022c                FLASHEEPROM_IRQHandler
                0x1a00022c                RTC_IRQHandler
                0x1a00022c                TIMER0_IRQHandler
                0x1a00022c                SPI_IRQHandler
                0x1a00022c                LCD_IRQHandler
                0x1a00022c                RIT_IRQHandler
                0x1a00022c                TIMER1_IRQHandler
                0x1a00022c                UART2_IRQHandler
                0x1a00022c                GPIO2_IRQHandler
                0x1a00022c                I2S1_IRQHandler
                0x1a00022c                SSP1_IRQHandler
                0x1a00022c                USB0_IRQHandler
                0x1a00022c                GPIO3_IRQHandler
                0x1a00022c                SCT_IRQHandler
                0x1a00022c                ATIMER_IRQHandler
                0x1a00022c                MX_CORE_IRQHandler
                0x1a00022c                WDT_IRQHandler
                0x1a00022c                IntDefaultHandler
                0x1a00022c                GPIO7_IRQHandler
                0x1a00022c                SPIFI_IRQHandler
                0x1a00022c                QEI_IRQHandler
                0x1a00022c                ETH_IRQHandler
                0x1a00022c                CAN0_IRQHandler
                0x1a00022c                GINT0_IRQHandler
                0x1a00022c                DAC_IRQHandler
                0x1a00022c                M0SUB_IRQHandler
                0x1a00022c                GPIO0_IRQHandler
                0x1a00022c                DMA_IRQHandler
                0x1a00022c                EVRT_IRQHandler
                0x1a00022c                TIMER2_IRQHandler
                0x1a00022c                UART3_IRQHandler
                0x1a00022c                MCPWM_IRQHandler
                0x1a00022c                GINT1_IRQHandler
                0x1a00022c                GPIO4_IRQHandler
                0x000002fc                . = 0x2fc
 *fill*         0x1a000234       0xc8 ff
                0x1a0002fc                PROVIDE (__CRP_WORD_START__, .)
 *(.crp)
 .crp           0x1a0002fc        0x4 C:\CIAA\WorkspaceProgMicros\lpcopen_lpc4337\Debug\liblpcopen_lpc4337.a(cr_startup_lpc43xx.o)
                0x1a0002fc                CRP_WORD
                0x1a000300                PROVIDE (__CRP_WORD_END__, .)
                0x00000001                ASSERT (! ((__CRP_WORD_START__ == __CRP_WORD_END__)), Linker CRP Enabled, but no CRP_WORD provided within application)
 *(.text*)
 .text.NVIC_SetPriority
                0x1a000300       0x54 ./src/main.o
 .text.SysTick_Config
                0x1a000354       0x44 ./src/main.o
 .text.setupHardware
                0x1a000398       0x20 ./src/main.o
 .text.SysTick_Handler
                0x1a0003b8       0xc8 ./src/main.o
                0x1a0003b8                SysTick_Handler
 .text.main     0x1a000480       0xa0 ./src/main.o
                0x1a000480                main
 .text.rx       0x1a000520      0x144 ./src/main.o
                0x1a000520                rx
 .text.tx       0x1a000664      0x330 ./src/main.o
                0x1a000664                tx
 .text.celda    0x1a000994       0x44 ./src/main.o
                0x1a000994                celda
 .text.verificaOperacion
                0x1a0009d8       0x64 ./src/main.o
                0x1a0009d8                verificaOperacion
 .text.valvula  0x1a000a3c       0x40 ./src/main.o
                0x1a000a3c                valvula
 .text.encoder  0x1a000a7c       0x50 ./src/main.o
                0x1a000a7c                encoder
 .text.enviarDatos
                0x1a000acc       0xb8 ./src/main.o
                0x1a000acc                enviarDatos
 .text.NewMiadc
                0x1a000b84       0x24 ./src/miadc.o
                0x1a000b84                NewMiadc
 .text.leerMiadc
                0x1a000ba8       0x64 ./src/miadc.o
                0x1a000ba8                leerMiadc
 .text.strEqual
                0x1a000c0c       0x5c ./src/mistring.o
                0x1a000c0c                strEqual
 .text.strToInt
                0x1a000c68       0x80 ./src/mistring.o
                0x1a000c68                strToInt
 .text.intToStr
                0x1a000ce8       0xa8 ./src/mistring.o
                0x1a000ce8                intToStr
 .text.Chip_SCU_PinMuxSet
                0x1a000d90       0x30 ./src/miuart.o
 .text.Chip_SCU_PinMux
                0x1a000dc0       0x2c ./src/miuart.o
 .text.Chip_UART_TXEnable
                0x1a000dec       0x18 ./src/miuart.o
 .text.Chip_UART_SendByte
                0x1a000e04       0x1c ./src/miuart.o
 .text.Chip_UART_ReadByte
                0x1a000e20       0x1c ./src/miuart.o
 .text.Chip_UART_ConfigData
                0x1a000e3c       0x1c ./src/miuart.o
 .text.Chip_UART_ReadLineStatus
                0x1a000e58       0x18 ./src/miuart.o
 .text.NewMiuart
                0x1a000e70       0x40 ./src/miuart.o
                0x1a000e70                NewMiuart
 .text.miuartTxChr
                0x1a000eb0       0x30 ./src/miuart.o
                0x1a000eb0                miuartTxChr
 .text.miuartPrint
                0x1a000ee0       0x28 ./src/miuart.o
                0x1a000ee0                miuartPrint
 .text.miuartPrintLn
                0x1a000f08       0x20 ./src/miuart.o
                0x1a000f08                miuartPrintLn
 .text.miuartRxChr
                0x1a000f28       0x38 ./src/miuart.o
                0x1a000f28                miuartRxChr
 .text.miuartRxLn
                0x1a000f60       0x64 ./src/miuart.o
                0x1a000f60                miuartRxLn
 .text.BufferToStr
                0x1a000fc4       0x64 ./src/miuart.o
                0x1a000fc4                BufferToStr
 .text.getFullConvClk
                0x1a001028       0x10 C:\CIAA\WorkspaceProgMicros\lpcopen_lpc4337\Debug\liblpcopen_lpc4337.a(adc_18xx_43xx.o)
 .text.Chip_ADC_GetClockIndex
                0x1a001038       0x2c C:\CIAA\WorkspaceProgMicros\lpcopen_lpc4337\Debug\liblpcopen_lpc4337.a(adc_18xx_43xx.o)
 .text.getClkDiv
                0x1a001064       0x60 C:\CIAA\WorkspaceProgMicros\lpcopen_lpc4337\Debug\liblpcopen_lpc4337.a(adc_18xx_43xx.o)
 .text.setStartMode
                0x1a0010c4       0x2c C:\CIAA\WorkspaceProgMicros\lpcopen_lpc4337\Debug\liblpcopen_lpc4337.a(adc_18xx_43xx.o)
                0x1a0010c4                setStartMode
 .text.readAdcVal
                0x1a0010f0       0x44 C:\CIAA\WorkspaceProgMicros\lpcopen_lpc4337\Debug\liblpcopen_lpc4337.a(adc_18xx_43xx.o)
                0x1a0010f0                readAdcVal
 .text.Chip_ADC_Init
                0x1a001134       0x84 C:\CIAA\WorkspaceProgMicros\lpcopen_lpc4337\Debug\liblpcopen_lpc4337.a(adc_18xx_43xx.o)
                0x1a001134                Chip_ADC_Init
 .text.Chip_ADC_ReadValue
                0x1a0011b8       0x24 C:\CIAA\WorkspaceProgMicros\lpcopen_lpc4337\Debug\liblpcopen_lpc4337.a(adc_18xx_43xx.o)
                0x1a0011b8                Chip_ADC_ReadValue
 .text.Chip_ADC_ReadStatus
                0x1a0011dc       0x78 C:\CIAA\WorkspaceProgMicros\lpcopen_lpc4337\Debug\liblpcopen_lpc4337.a(adc_18xx_43xx.o)
                0x1a0011dc                Chip_ADC_ReadStatus
 .text.Chip_ADC_SetStartMode
                0x1a001254       0x4c C:\CIAA\WorkspaceProgMicros\lpcopen_lpc4337\Debug\liblpcopen_lpc4337.a(adc_18xx_43xx.o)
                0x1a001254                Chip_ADC_SetStartMode
 .text.Chip_ADC_EnableChannel
                0x1a0012a0       0x54 C:\CIAA\WorkspaceProgMicros\lpcopen_lpc4337\Debug\liblpcopen_lpc4337.a(adc_18xx_43xx.o)
                0x1a0012a0                Chip_ADC_EnableChannel
 .text.Chip_ADC_SetBurstCmd
                0x1a0012f4       0x3c C:\CIAA\WorkspaceProgMicros\lpcopen_lpc4337\Debug\liblpcopen_lpc4337.a(adc_18xx_43xx.o)
                0x1a0012f4                Chip_ADC_SetBurstCmd
 .text.Chip_SCU_PinMuxSet
                0x1a001330       0x30 C:\CIAA\WorkspaceProgMicros\lpcopen_lpc4337\Debug\liblpcopen_lpc4337.a(board.o)
 .text.Chip_SCU_PinMux
                0x1a001360       0x2c C:\CIAA\WorkspaceProgMicros\lpcopen_lpc4337\Debug\liblpcopen_lpc4337.a(board.o)
 .text.Chip_ENET_RMIIEnable
                0x1a00138c       0x28 C:\CIAA\WorkspaceProgMicros\lpcopen_lpc4337\Debug\liblpcopen_lpc4337.a(board.o)
 .text.Chip_GPIO_SetPinState
                0x1a0013b4       0x28 C:\CIAA\WorkspaceProgMicros\lpcopen_lpc4337\Debug\liblpcopen_lpc4337.a(board.o)
 .text.Chip_GPIO_ReadPortBit
                0x1a0013dc       0x34 C:\CIAA\WorkspaceProgMicros\lpcopen_lpc4337\Debug\liblpcopen_lpc4337.a(board.o)
 .text.Chip_GPIO_SetPinDIROutput
                0x1a001410       0x3c C:\CIAA\WorkspaceProgMicros\lpcopen_lpc4337\Debug\liblpcopen_lpc4337.a(board.o)
 .text.Chip_GPIO_ClearValue
                0x1a00144c       0x28 C:\CIAA\WorkspaceProgMicros\lpcopen_lpc4337\Debug\liblpcopen_lpc4337.a(board.o)
 .text.Board_LED_Init
                0x1a001474       0xcc C:\CIAA\WorkspaceProgMicros\lpcopen_lpc4337\Debug\liblpcopen_lpc4337.a(board.o)
 .text.Board_LED_Set
                0x1a001540       0x44 C:\CIAA\WorkspaceProgMicros\lpcopen_lpc4337\Debug\liblpcopen_lpc4337.a(board.o)
                0x1a001540                Board_LED_Set
 .text.Board_Buttons_Init
                0x1a001584       0x58 C:\CIAA\WorkspaceProgMicros\lpcopen_lpc4337\Debug\liblpcopen_lpc4337.a(board.o)
                0x1a001584                Board_Buttons_Init
 .text.Buttons_GetStatus
                0x1a0015dc       0x40 C:\CIAA\WorkspaceProgMicros\lpcopen_lpc4337\Debug\liblpcopen_lpc4337.a(board.o)
                0x1a0015dc                Buttons_GetStatus
 .text.Board_Init
                0x1a00161c       0x58 C:\CIAA\WorkspaceProgMicros\lpcopen_lpc4337\Debug\liblpcopen_lpc4337.a(board.o)
                0x1a00161c                Board_Init
 .text.SystemCoreClockUpdate
                0x1a001674       0x18 C:\CIAA\WorkspaceProgMicros\lpcopen_lpc4337\Debug\liblpcopen_lpc4337.a(chip_18xx_43xx.o)
                0x1a001674                SystemCoreClockUpdate
 .text.Chip_Clock_TestMainPLLMultiplier
                0x1a00168c       0x48 C:\CIAA\WorkspaceProgMicros\lpcopen_lpc4337\Debug\liblpcopen_lpc4337.a(clock_18xx_43xx.o)
 .text.Chip_Clock_GetDivRate
                0x1a0016d4       0x40 C:\CIAA\WorkspaceProgMicros\lpcopen_lpc4337\Debug\liblpcopen_lpc4337.a(clock_18xx_43xx.o)
 .text.Chip_Clock_FindBaseClock
                0x1a001714       0x88 C:\CIAA\WorkspaceProgMicros\lpcopen_lpc4337\Debug\liblpcopen_lpc4337.a(clock_18xx_43xx.o)
 .text.Chip_Clock_EnableCrystal
                0x1a00179c       0x6c C:\CIAA\WorkspaceProgMicros\lpcopen_lpc4337\Debug\liblpcopen_lpc4337.a(clock_18xx_43xx.o)
                0x1a00179c                Chip_Clock_EnableCrystal
 .text.Chip_Clock_SetupMainPLLHz
                0x1a001808      0x128 C:\CIAA\WorkspaceProgMicros\lpcopen_lpc4337\Debug\liblpcopen_lpc4337.a(clock_18xx_43xx.o)
                0x1a001808                Chip_Clock_SetupMainPLLHz
 .text.Chip_Clock_SetupMainPLLMult
                0x1a001930       0xf8 C:\CIAA\WorkspaceProgMicros\lpcopen_lpc4337\Debug\liblpcopen_lpc4337.a(clock_18xx_43xx.o)
                0x1a001930                Chip_Clock_SetupMainPLLMult
 .text.Chip_Clock_GetMainPLLHz
                0x1a001a28       0xc0 C:\CIAA\WorkspaceProgMicros\lpcopen_lpc4337\Debug\liblpcopen_lpc4337.a(clock_18xx_43xx.o)
                0x1a001a28                Chip_Clock_GetMainPLLHz
 .text.Chip_Clock_DisableMainPLL
                0x1a001ae8       0x1c C:\CIAA\WorkspaceProgMicros\lpcopen_lpc4337\Debug\liblpcopen_lpc4337.a(clock_18xx_43xx.o)
                0x1a001ae8                Chip_Clock_DisableMainPLL
 .text.Chip_Clock_SetDivider
                0x1a001b04       0x84 C:\CIAA\WorkspaceProgMicros\lpcopen_lpc4337\Debug\liblpcopen_lpc4337.a(clock_18xx_43xx.o)
                0x1a001b04                Chip_Clock_SetDivider
 .text.Chip_Clock_GetDividerSource
                0x1a001b88       0x40 C:\CIAA\WorkspaceProgMicros\lpcopen_lpc4337\Debug\liblpcopen_lpc4337.a(clock_18xx_43xx.o)
                0x1a001b88                Chip_Clock_GetDividerSource
 .text.Chip_Clock_GetDividerDivisor
                0x1a001bc8       0x38 C:\CIAA\WorkspaceProgMicros\lpcopen_lpc4337\Debug\liblpcopen_lpc4337.a(clock_18xx_43xx.o)
                0x1a001bc8                Chip_Clock_GetDividerDivisor
 .text.Chip_Clock_GetClockInputHz
                0x1a001c00      0x140 C:\CIAA\WorkspaceProgMicros\lpcopen_lpc4337\Debug\liblpcopen_lpc4337.a(clock_18xx_43xx.o)
                0x1a001c00                Chip_Clock_GetClockInputHz
 .text.Chip_Clock_GetBaseClocktHz
                0x1a001d40       0x24 C:\CIAA\WorkspaceProgMicros\lpcopen_lpc4337\Debug\liblpcopen_lpc4337.a(clock_18xx_43xx.o)
                0x1a001d40                Chip_Clock_GetBaseClocktHz
 .text.Chip_Clock_SetBaseClock
                0x1a001d64       0x8c C:\CIAA\WorkspaceProgMicros\lpcopen_lpc4337\Debug\liblpcopen_lpc4337.a(clock_18xx_43xx.o)
                0x1a001d64                Chip_Clock_SetBaseClock
 .text.Chip_Clock_GetBaseClock
                0x1a001df0       0x4c C:\CIAA\WorkspaceProgMicros\lpcopen_lpc4337\Debug\liblpcopen_lpc4337.a(clock_18xx_43xx.o)
                0x1a001df0                Chip_Clock_GetBaseClock
 .text.Chip_Clock_EnableOpts
                0x1a001e3c       0x7c C:\CIAA\WorkspaceProgMicros\lpcopen_lpc4337\Debug\liblpcopen_lpc4337.a(clock_18xx_43xx.o)
                0x1a001e3c                Chip_Clock_EnableOpts
 .text.Chip_Clock_GetRate
                0x1a001eb8       0x88 C:\CIAA\WorkspaceProgMicros\lpcopen_lpc4337\Debug\liblpcopen_lpc4337.a(clock_18xx_43xx.o)
                0x1a001eb8                Chip_Clock_GetRate
 .text.ResetISR
                0x1a001f40       0xc4 C:\CIAA\WorkspaceProgMicros\lpcopen_lpc4337\Debug\liblpcopen_lpc4337.a(cr_startup_lpc43xx.o)
                0x1a001f40                ResetISR
 .text.Chip_GPIO_Init
                0x1a002004       0x14 C:\CIAA\WorkspaceProgMicros\lpcopen_lpc4337\Debug\liblpcopen_lpc4337.a(gpio_18xx_43xx.o)
                0x1a002004                Chip_GPIO_Init
 .text.Chip_GPIO_SetDir
                0x1a002018       0x5c C:\CIAA\WorkspaceProgMicros\lpcopen_lpc4337\Debug\liblpcopen_lpc4337.a(gpio_18xx_43xx.o)
                0x1a002018                Chip_GPIO_SetDir
 .text.SystemInit
                0x1a002074       0x28 C:\CIAA\WorkspaceProgMicros\lpcopen_lpc4337\Debug\liblpcopen_lpc4337.a(sysinit.o)
                0x1a002074                SystemInit
 .text.Chip_UART_TXDisable
                0x1a00209c       0x18 C:\CIAA\WorkspaceProgMicros\lpcopen_lpc4337\Debug\liblpcopen_lpc4337.a(uart_18xx_43xx.o)
 .text.Chip_UART_SetupFIFOS
                0x1a0020b4       0x1c C:\CIAA\WorkspaceProgMicros\lpcopen_lpc4337\Debug\liblpcopen_lpc4337.a(uart_18xx_43xx.o)
 .text.Chip_UART_ConfigData
                0x1a0020d0       0x1c C:\CIAA\WorkspaceProgMicros\lpcopen_lpc4337\Debug\liblpcopen_lpc4337.a(uart_18xx_43xx.o)
 .text.Chip_UART_EnableDivisorAccess
                0x1a0020ec       0x20 C:\CIAA\WorkspaceProgMicros\lpcopen_lpc4337\Debug\liblpcopen_lpc4337.a(uart_18xx_43xx.o)
 .text.Chip_UART_DisableDivisorAccess
                0x1a00210c       0x20 C:\CIAA\WorkspaceProgMicros\lpcopen_lpc4337\Debug\liblpcopen_lpc4337.a(uart_18xx_43xx.o)
 .text.Chip_UART_SetDivisorLatches
                0x1a00212c       0x28 C:\CIAA\WorkspaceProgMicros\lpcopen_lpc4337\Debug\liblpcopen_lpc4337.a(uart_18xx_43xx.o)
 .text.Chip_UART_GetClockIndex
                0x1a002154       0x50 C:\CIAA\WorkspaceProgMicros\lpcopen_lpc4337\Debug\liblpcopen_lpc4337.a(uart_18xx_43xx.o)
 .text.Chip_UART_Init
                0x1a0021a4       0x7c C:\CIAA\WorkspaceProgMicros\lpcopen_lpc4337\Debug\liblpcopen_lpc4337.a(uart_18xx_43xx.o)
                0x1a0021a4                Chip_UART_Init
 .text.Chip_UART_SetBaud
                0x1a002220       0x64 C:\CIAA\WorkspaceProgMicros\lpcopen_lpc4337\Debug\liblpcopen_lpc4337.a(uart_18xx_43xx.o)
                0x1a002220                Chip_UART_SetBaud
 .text.Chip_SCU_PinMuxSet
                0x1a002284       0x30 C:\CIAA\WorkspaceProgMicros\lpcopen_lpc4337\Debug\liblpcopen_lpc4337.a(board_sysinit.o)
 .text.Chip_SCU_SetPinMuxing
                0x1a0022b4       0x4c C:\CIAA\WorkspaceProgMicros\lpcopen_lpc4337\Debug\liblpcopen_lpc4337.a(board_sysinit.o)
 .text.Board_SetupMuxing
                0x1a002300       0x20 C:\CIAA\WorkspaceProgMicros\lpcopen_lpc4337\Debug\liblpcopen_lpc4337.a(board_sysinit.o)
                0x1a002300                Board_SetupMuxing
 .text.Board_SetupClocking
                0x1a002320       0x8c C:\CIAA\WorkspaceProgMicros\lpcopen_lpc4337\Debug\liblpcopen_lpc4337.a(board_sysinit.o)
                0x1a002320                Board_SetupClocking
 .text.Board_SystemInit
                0x1a0023ac       0x10 C:\CIAA\WorkspaceProgMicros\lpcopen_lpc4337\Debug\liblpcopen_lpc4337.a(board_sysinit.o)
                0x1a0023ac                Board_SystemInit
 .text.fpuInit  0x1a0023bc       0x74 C:\CIAA\WorkspaceProgMicros\lpcopen_lpc4337\Debug\liblpcopen_lpc4337.a(fpu_init.o)
                0x1a0023bc                fpuInit
 .text.Chip_SetupCoreClock
                0x1a002430       0xb4 C:\CIAA\WorkspaceProgMicros\lpcopen_lpc4337\Debug\liblpcopen_lpc4337.a(sysinit_18xx_43xx.o)
                0x1a002430                Chip_SetupCoreClock
 *(.rodata .rodata.* .constdata .constdata.*)
 .rodata        0x1a0024e4      0x288 ./src/main.o
 .rodata        0x1a00276c        0x4 ./src/miuart.o
 .rodata.ExtRateIn
                0x1a002770        0x4 C:\CIAA\WorkspaceProgMicros\lpcopen_lpc4337\Debug\liblpcopen_lpc4337.a(board.o)
                0x1a002770                ExtRateIn
 .rodata.OscRateIn
                0x1a002774        0x4 C:\CIAA\WorkspaceProgMicros\lpcopen_lpc4337\Debug\liblpcopen_lpc4337.a(board.o)
                0x1a002774                OscRateIn
 .rodata.periph_to_base
                0x1a002778       0x6c C:\CIAA\WorkspaceProgMicros\lpcopen_lpc4337\Debug\liblpcopen_lpc4337.a(clock_18xx_43xx.o)
 .rodata        0x1a0027e4        0xc C:\CIAA\WorkspaceProgMicros\lpcopen_lpc4337\Debug\liblpcopen_lpc4337.a(clock_18xx_43xx.o)
 .rodata.InitClkStates
                0x1a0027f0       0x10 C:\CIAA\WorkspaceProgMicros\lpcopen_lpc4337\Debug\liblpcopen_lpc4337.a(board_sysinit.o)
 .rodata.spifipinmuxing
                0x1a002800       0x18 C:\CIAA\WorkspaceProgMicros\lpcopen_lpc4337\Debug\liblpcopen_lpc4337.a(board_sysinit.o)
 .rodata.pinmuxing
                0x1a002818       0x44 C:\CIAA\WorkspaceProgMicros\lpcopen_lpc4337\Debug\liblpcopen_lpc4337.a(board_sysinit.o)
 .rodata.InitClkStates
                0x1a00285c       0x48 C:\CIAA\WorkspaceProgMicros\lpcopen_lpc4337\Debug\liblpcopen_lpc4337.a(sysinit_18xx_43xx.o)
                0x1a0028a4                . = ALIGN (0x4)

.glue_7         0x1a0028a4        0x0
 .glue_7        0x00000000        0x0 linker stubs

.glue_7t        0x1a0028a4        0x0
 .glue_7t       0x00000000        0x0 linker stubs

.vfp11_veneer   0x1a0028a4        0x0
 .vfp11_veneer  0x00000000        0x0 linker stubs

.v4_bx          0x1a0028a4        0x0
 .v4_bx         0x00000000        0x0 linker stubs

.iplt           0x1a0028a4        0x0
 .iplt          0x00000000        0x0 c:/ciaa/cygwin/usr/arm-none-eabi/bin/../lib/gcc/arm-none-eabi/4.8.4/armv7e-m/softfp/crtbegin.o

.rel.dyn        0x1a0028a4        0x0
 .rel.iplt      0x00000000        0x0 c:/ciaa/cygwin/usr/arm-none-eabi/bin/../lib/gcc/arm-none-eabi/4.8.4/armv7e-m/softfp/crtbegin.o

.ARM.extab
 *(.ARM.extab* .gnu.linkonce.armextab.*)
                0x1a0028a4                __exidx_start = .

.ARM.exidx
 *(.ARM.exidx* .gnu.linkonce.armexidx.*)
                0x1a0028a4                __exidx_end = .
                0x1a0028a4                _etext = .

.data_RAM2      0x10080000        0x0 load address 0x1a0028a4
 FILL mask 0xff
 *(.ramfunc.$RAM2)
 *(.ramfunc.$RamLoc40)
 *(.data.$RAM2*)
 *(.data.$RamLoc40*)
                0x10080000                . = ALIGN (0x4)

.data_RAM3      0x20000000        0x0 load address 0x1a0028a4
 FILL mask 0xff
 *(.ramfunc.$RAM3)
 *(.ramfunc.$RamAHB32)
 *(.data.$RAM3*)
 *(.data.$RamAHB32*)
                0x20000000                . = ALIGN (0x4)

.data_RAM4      0x20008000        0x0 load address 0x1a0028a4
 FILL mask 0xff
 *(.ramfunc.$RAM4)
 *(.ramfunc.$RamAHB16)
 *(.data.$RAM4*)
 *(.data.$RamAHB16*)
                0x20008000                . = ALIGN (0x4)

.data_RAM5      0x2000c000        0x0 load address 0x1a0028a4
 FILL mask 0xff
 *(.ramfunc.$RAM5)
 *(.ramfunc.$RamAHB_ETB16)
 *(.data.$RAM5*)
 *(.data.$RamAHB_ETB16*)
                0x2000c000                . = ALIGN (0x4)

.uninit_RESERVED
                0x10000000        0x0
 *(.bss.$RESERVED*)
                0x10000000                . = ALIGN (0x4)
                0x10000000                _end_uninit_RESERVED = .

.data           0x10000000       0x88 load address 0x1a0028a4
 FILL mask 0xff
                0x10000000                _data = .
 *(vtable)
 *(.ramfunc*)
 *(.data*)
 .data.torOpt   0x10000000        0x4 ./src/main.o
                0x10000000                torOpt
 .data.ticksTx  0x10000004        0x2 ./src/main.o
                0x10000004                ticksTx
 *fill*         0x10000006        0x2 
 .data.inputs   0x10000008       0x40 C:\CIAA\WorkspaceProgMicros\lpcopen_lpc4337\Debug\liblpcopen_lpc4337.a(board.o)
                0x10000008                inputs
 .data.outputs  0x10000048       0x40 C:\CIAA\WorkspaceProgMicros\lpcopen_lpc4337\Debug\liblpcopen_lpc4337.a(board.o)
                0x10000048                outputs
                0x10000088                . = ALIGN (0x4)
                0x10000088                _edata = .

.igot.plt       0x10000088        0x0 load address 0x1a00292c
 .igot.plt      0x00000000        0x0 c:/ciaa/cygwin/usr/arm-none-eabi/bin/../lib/gcc/arm-none-eabi/4.8.4/armv7e-m/softfp/crtbegin.o

.bss_RAM2       0x10080000        0x0
 *(.bss.$RAM2*)
 *(.bss.$RamLoc40*)
                0x10080000                . = ALIGN (0x4)

.bss_RAM3       0x20000000        0x0
 *(.bss.$RAM3*)
 *(.bss.$RamAHB32*)
                0x20000000                . = ALIGN (0x4)

.bss_RAM4       0x20008000        0x0
 *(.bss.$RAM4*)
 *(.bss.$RamAHB16*)
                0x20008000                . = ALIGN (0x4)

.bss_RAM5       0x2000c000        0x0
 *(.bss.$RAM5*)
 *(.bss.$RamAHB_ETB16*)
                0x2000c000                . = ALIGN (0x4)

.bss            0x10000088       0xb4
                0x10000088                _bss = .
 *(.bss*)
 .bss.adcVal_1  0x10000088        0x2 ./src/main.o
                0x10000088                adcVal_1
 .bss.adcVal_2  0x1000008a        0x2 ./src/main.o
                0x1000008a                adcVal_2
 .bss.contEncoder
                0x1000008c        0x4 ./src/main.o
                0x1000008c                contEncoder
 .bss.segValvula
                0x10000090        0x4 ./src/main.o
                0x10000090                segValvula
 .bss.estadoPulso
                0x10000094        0x1 ./src/main.o
                0x10000094                estadoPulso
 .bss.contAux   0x10000095        0x1 ./src/main.o
                0x10000095                contAux
 .bss.modoTor   0x10000096        0x1 ./src/main.o
                0x10000096                modoTor
 .bss.flagRecibido
                0x10000097        0x1 ./src/main.o
                0x10000097                flagRecibido
 .bss.stateValvula
                0x10000098        0x1 ./src/main.o
                0x10000098                stateValvula
 .bss.flagRx    0x10000099        0x1 ./src/main.o
                0x10000099                flagRx
 .bss.flagTx    0x1000009a        0x1 ./src/main.o
                0x1000009a                flagTx
 .bss.flagCelda
                0x1000009b        0x1 ./src/main.o
                0x1000009b                flagCelda
 .bss.flagValvula
                0x1000009c        0x1 ./src/main.o
                0x1000009c                flagValvula
 .bss.flagEnco  0x1000009d        0x1 ./src/main.o
                0x1000009d                flagEnco
 .bss.contRx    0x1000009e        0x2 ./src/main.o
                0x1000009e                contRx
 .bss.contTx    0x100000a0        0x2 ./src/main.o
                0x100000a0                contTx
 .bss.contCelda
                0x100000a2        0x2 ./src/main.o
                0x100000a2                contCelda
 .bss.contValvula
                0x100000a4        0x2 ./src/main.o
                0x100000a4                contValvula
 .bss.contEnco  0x100000a6        0x2 ./src/main.o
                0x100000a6                contEnco
 .bss.estadoSistema
                0x100000a8        0x4 ./src/main.o
                0x100000a8                estadoSistema
 .bss.audio_usb_pll_freq
                0x100000ac        0x8 C:\CIAA\WorkspaceProgMicros\lpcopen_lpc4337\Debug\liblpcopen_lpc4337.a(clock_18xx_43xx.o)
 *(COMMON)
 COMMON         0x100000b4       0x82 ./src/main.o
                0x100000b4                bufferIn
 *fill*         0x10000136        0x2 
 COMMON         0x10000138        0x4 C:\CIAA\WorkspaceProgMicros\lpcopen_lpc4337\Debug\liblpcopen_lpc4337.a(chip_18xx_43xx.o)
                0x10000138                SystemCoreClock
                0x1000013c                . = ALIGN (0x4)
                0x1000013c                _ebss = .
                0x1000013c                PROVIDE (end, .)

.noinit_RAM2    0x10080000        0x0
 *(.noinit.$RAM2*)
 *(.noinit.$RamLoc40*)
                0x10080000                . = ALIGN (0x4)

.noinit_RAM3    0x20000000        0x0
 *(.noinit.$RAM3*)
 *(.noinit.$RamAHB32*)
                0x20000000                . = ALIGN (0x4)

.noinit_RAM4    0x20008000        0x0
 *(.noinit.$RAM4*)
 *(.noinit.$RamAHB16*)
                0x20008000                . = ALIGN (0x4)

.noinit_RAM5    0x2000c000        0x0
 *(.noinit.$RAM5*)
 *(.noinit.$RamAHB_ETB16*)
                0x2000c000                . = ALIGN (0x4)

.noinit         0x1000013c        0x0
                0x1000013c                _noinit = .
 *(.noinit*)
                0x1000013c                . = ALIGN (0x4)
                0x1000013c                _end_noinit = .
                0x1000013c                PROVIDE (_pvHeapStart, .)
                0x10008000                PROVIDE (_vStackTop, (__top_RamLoc32 - 0x0))
OUTPUT(Tp_uM.axf elf32-littlearm)

.debug_info     0x00000000     0x8549
 .debug_info    0x00000000      0xed5 ./src/main.o
 .debug_info    0x00000ed5      0x297 ./src/miadc.o
 .debug_info    0x0000116c      0x1d0 ./src/mistring.o
 .debug_info    0x0000133c      0x6e2 ./src/miuart.o
 .debug_info    0x00001a1e      0x982 C:\CIAA\WorkspaceProgMicros\lpcopen_lpc4337\Debug\liblpcopen_lpc4337.a(adc_18xx_43xx.o)
 .debug_info    0x000023a0     0x1799 C:\CIAA\WorkspaceProgMicros\lpcopen_lpc4337\Debug\liblpcopen_lpc4337.a(board.o)
 .debug_info    0x00003b39      0xa43 C:\CIAA\WorkspaceProgMicros\lpcopen_lpc4337\Debug\liblpcopen_lpc4337.a(chip_18xx_43xx.o)
 .debug_info    0x0000457c     0x13cf C:\CIAA\WorkspaceProgMicros\lpcopen_lpc4337\Debug\liblpcopen_lpc4337.a(clock_18xx_43xx.o)
 .debug_info    0x0000594b      0x285 C:\CIAA\WorkspaceProgMicros\lpcopen_lpc4337\Debug\liblpcopen_lpc4337.a(cr_startup_lpc43xx.o)
 .debug_info    0x00005bd0      0x44c C:\CIAA\WorkspaceProgMicros\lpcopen_lpc4337\Debug\liblpcopen_lpc4337.a(gpio_18xx_43xx.o)
 .debug_info    0x0000601c       0xf5 C:\CIAA\WorkspaceProgMicros\lpcopen_lpc4337\Debug\liblpcopen_lpc4337.a(sysinit.o)
 .debug_info    0x00006111     0x109c C:\CIAA\WorkspaceProgMicros\lpcopen_lpc4337\Debug\liblpcopen_lpc4337.a(uart_18xx_43xx.o)
 .debug_info    0x000071ad      0xb6e C:\CIAA\WorkspaceProgMicros\lpcopen_lpc4337\Debug\liblpcopen_lpc4337.a(board_sysinit.o)
 .debug_info    0x00007d1b      0x13e C:\CIAA\WorkspaceProgMicros\lpcopen_lpc4337\Debug\liblpcopen_lpc4337.a(fpu_init.o)
 .debug_info    0x00007e59      0x6f0 C:\CIAA\WorkspaceProgMicros\lpcopen_lpc4337\Debug\liblpcopen_lpc4337.a(sysinit_18xx_43xx.o)

.debug_abbrev   0x00000000     0x17ab
 .debug_abbrev  0x00000000      0x271 ./src/main.o
 .debug_abbrev  0x00000271      0x116 ./src/miadc.o
 .debug_abbrev  0x00000387       0xbe ./src/mistring.o
 .debug_abbrev  0x00000445      0x20f ./src/miuart.o
 .debug_abbrev  0x00000654      0x1b2 C:\CIAA\WorkspaceProgMicros\lpcopen_lpc4337\Debug\liblpcopen_lpc4337.a(adc_18xx_43xx.o)
 .debug_abbrev  0x00000806      0x327 C:\CIAA\WorkspaceProgMicros\lpcopen_lpc4337\Debug\liblpcopen_lpc4337.a(board.o)
 .debug_abbrev  0x00000b2d      0x148 C:\CIAA\WorkspaceProgMicros\lpcopen_lpc4337\Debug\liblpcopen_lpc4337.a(chip_18xx_43xx.o)
 .debug_abbrev  0x00000c75      0x2a1 C:\CIAA\WorkspaceProgMicros\lpcopen_lpc4337\Debug\liblpcopen_lpc4337.a(clock_18xx_43xx.o)
 .debug_abbrev  0x00000f16       0xfe C:\CIAA\WorkspaceProgMicros\lpcopen_lpc4337\Debug\liblpcopen_lpc4337.a(cr_startup_lpc43xx.o)
 .debug_abbrev  0x00001014      0x111 C:\CIAA\WorkspaceProgMicros\lpcopen_lpc4337\Debug\liblpcopen_lpc4337.a(gpio_18xx_43xx.o)
 .debug_abbrev  0x00001125       0x9c C:\CIAA\WorkspaceProgMicros\lpcopen_lpc4337\Debug\liblpcopen_lpc4337.a(sysinit.o)
 .debug_abbrev  0x000011c1      0x2ac C:\CIAA\WorkspaceProgMicros\lpcopen_lpc4337\Debug\liblpcopen_lpc4337.a(uart_18xx_43xx.o)
 .debug_abbrev  0x0000146d      0x18d C:\CIAA\WorkspaceProgMicros\lpcopen_lpc4337\Debug\liblpcopen_lpc4337.a(board_sysinit.o)
 .debug_abbrev  0x000015fa       0x84 C:\CIAA\WorkspaceProgMicros\lpcopen_lpc4337\Debug\liblpcopen_lpc4337.a(fpu_init.o)
 .debug_abbrev  0x0000167e      0x12d C:\CIAA\WorkspaceProgMicros\lpcopen_lpc4337\Debug\liblpcopen_lpc4337.a(sysinit_18xx_43xx.o)

.debug_aranges  0x00000000      0x750
 .debug_aranges
                0x00000000       0x78 ./src/main.o
 .debug_aranges
                0x00000078       0x28 ./src/miadc.o
 .debug_aranges
                0x000000a0       0x30 ./src/mistring.o
 .debug_aranges
                0x000000d0       0x88 ./src/miuart.o
 .debug_aranges
                0x00000158       0x98 C:\CIAA\WorkspaceProgMicros\lpcopen_lpc4337\Debug\liblpcopen_lpc4337.a(adc_18xx_43xx.o)
 .debug_aranges
                0x000001f0      0x150 C:\CIAA\WorkspaceProgMicros\lpcopen_lpc4337\Debug\liblpcopen_lpc4337.a(board.o)
 .debug_aranges
                0x00000340       0x40 C:\CIAA\WorkspaceProgMicros\lpcopen_lpc4337\Debug\liblpcopen_lpc4337.a(chip_18xx_43xx.o)
 .debug_aranges
                0x00000380      0x128 C:\CIAA\WorkspaceProgMicros\lpcopen_lpc4337\Debug\liblpcopen_lpc4337.a(clock_18xx_43xx.o)
 .debug_aranges
                0x000004a8       0x70 C:\CIAA\WorkspaceProgMicros\lpcopen_lpc4337\Debug\liblpcopen_lpc4337.a(cr_startup_lpc43xx.o)
 .debug_aranges
                0x00000518       0x68 C:\CIAA\WorkspaceProgMicros\lpcopen_lpc4337\Debug\liblpcopen_lpc4337.a(gpio_18xx_43xx.o)
 .debug_aranges
                0x00000580       0x20 C:\CIAA\WorkspaceProgMicros\lpcopen_lpc4337\Debug\liblpcopen_lpc4337.a(sysinit.o)
 .debug_aranges
                0x000005a0      0x118 C:\CIAA\WorkspaceProgMicros\lpcopen_lpc4337\Debug\liblpcopen_lpc4337.a(uart_18xx_43xx.o)
 .debug_aranges
                0x000006b8       0x40 C:\CIAA\WorkspaceProgMicros\lpcopen_lpc4337\Debug\liblpcopen_lpc4337.a(board_sysinit.o)
 .debug_aranges
                0x000006f8       0x20 C:\CIAA\WorkspaceProgMicros\lpcopen_lpc4337\Debug\liblpcopen_lpc4337.a(fpu_init.o)
 .debug_aranges
                0x00000718       0x38 C:\CIAA\WorkspaceProgMicros\lpcopen_lpc4337\Debug\liblpcopen_lpc4337.a(sysinit_18xx_43xx.o)

.debug_ranges   0x00000000      0x660
 .debug_ranges  0x00000000       0x68 ./src/main.o
 .debug_ranges  0x00000068       0x18 ./src/miadc.o
 .debug_ranges  0x00000080       0x20 ./src/mistring.o
 .debug_ranges  0x000000a0       0x78 ./src/miuart.o
 .debug_ranges  0x00000118       0x88 C:\CIAA\WorkspaceProgMicros\lpcopen_lpc4337\Debug\liblpcopen_lpc4337.a(adc_18xx_43xx.o)
 .debug_ranges  0x000001a0      0x140 C:\CIAA\WorkspaceProgMicros\lpcopen_lpc4337\Debug\liblpcopen_lpc4337.a(board.o)
 .debug_ranges  0x000002e0       0x30 C:\CIAA\WorkspaceProgMicros\lpcopen_lpc4337\Debug\liblpcopen_lpc4337.a(chip_18xx_43xx.o)
 .debug_ranges  0x00000310      0x118 C:\CIAA\WorkspaceProgMicros\lpcopen_lpc4337\Debug\liblpcopen_lpc4337.a(clock_18xx_43xx.o)
 .debug_ranges  0x00000428       0x60 C:\CIAA\WorkspaceProgMicros\lpcopen_lpc4337\Debug\liblpcopen_lpc4337.a(cr_startup_lpc43xx.o)
 .debug_ranges  0x00000488       0x58 C:\CIAA\WorkspaceProgMicros\lpcopen_lpc4337\Debug\liblpcopen_lpc4337.a(gpio_18xx_43xx.o)
 .debug_ranges  0x000004e0       0x10 C:\CIAA\WorkspaceProgMicros\lpcopen_lpc4337\Debug\liblpcopen_lpc4337.a(sysinit.o)
 .debug_ranges  0x000004f0      0x108 C:\CIAA\WorkspaceProgMicros\lpcopen_lpc4337\Debug\liblpcopen_lpc4337.a(uart_18xx_43xx.o)
 .debug_ranges  0x000005f8       0x30 C:\CIAA\WorkspaceProgMicros\lpcopen_lpc4337\Debug\liblpcopen_lpc4337.a(board_sysinit.o)
 .debug_ranges  0x00000628       0x10 C:\CIAA\WorkspaceProgMicros\lpcopen_lpc4337\Debug\liblpcopen_lpc4337.a(fpu_init.o)
 .debug_ranges  0x00000638       0x28 C:\CIAA\WorkspaceProgMicros\lpcopen_lpc4337\Debug\liblpcopen_lpc4337.a(sysinit_18xx_43xx.o)

.debug_macro    0x00000000     0x7735
 .debug_macro   0x00000000      0x42a ./src/main.o
 .debug_macro   0x0000042a      0x87a ./src/main.o
 .debug_macro   0x00000ca4       0x10 ./src/main.o
 .debug_macro   0x00000cb4       0x16 ./src/main.o
 .debug_macro   0x00000cca       0x44 ./src/main.o
 .debug_macro   0x00000d0e      0x209 ./src/main.o
 .debug_macro   0x00000f17       0x22 ./src/main.o
 .debug_macro   0x00000f39       0x7b ./src/main.o
 .debug_macro   0x00000fb4       0x28 ./src/main.o
 .debug_macro   0x00000fdc       0x3b ./src/main.o
 .debug_macro   0x00001017       0x2d ./src/main.o
 .debug_macro   0x00001044       0x42 ./src/main.o
 .debug_macro   0x00001086      0xd39 ./src/main.o
 .debug_macro   0x00001dbf      0x2bc ./src/main.o
 .debug_macro   0x0000207b      0x112 ./src/main.o
 .debug_macro   0x0000218d       0x11 ./src/main.o
 .debug_macro   0x0000219e       0x1e ./src/main.o
 .debug_macro   0x000021bc       0x16 ./src/main.o
 .debug_macro   0x000021d2      0x2e6 ./src/main.o
 .debug_macro   0x000024b8       0x82 ./src/main.o
 .debug_macro   0x0000253a      0x13d ./src/main.o
 .debug_macro   0x00002677      0x198 ./src/main.o
 .debug_macro   0x0000280f       0x34 ./src/main.o
 .debug_macro   0x00002843       0x58 ./src/main.o
 .debug_macro   0x0000289b      0x236 ./src/main.o
 .debug_macro   0x00002ad1      0x572 ./src/main.o
 .debug_macro   0x00003043       0x16 ./src/main.o
 .debug_macro   0x00003059      0x18a ./src/main.o
 .debug_macro   0x000031e3       0x88 ./src/main.o
 .debug_macro   0x0000326b      0x1b9 ./src/main.o
 .debug_macro   0x00003424      0x1da ./src/main.o
 .debug_macro   0x000035fe       0x40 ./src/main.o
 .debug_macro   0x0000363e       0x1c ./src/main.o
 .debug_macro   0x0000365a       0x2e ./src/main.o
 .debug_macro   0x00003688       0x2e ./src/main.o
 .debug_macro   0x000036b6       0x22 ./src/main.o
 .debug_macro   0x000036d8      0x201 ./src/main.o
 .debug_macro   0x000038d9       0xe0 ./src/main.o
 .debug_macro   0x000039b9      0x34c ./src/main.o
 .debug_macro   0x00003d05       0xdc ./src/main.o
 .debug_macro   0x00003de1       0x94 ./src/main.o
 .debug_macro   0x00003e75       0xb8 ./src/main.o
 .debug_macro   0x00003f2d       0x4c ./src/main.o
 .debug_macro   0x00003f79       0x16 ./src/main.o
 .debug_macro   0x00003f8f      0x328 ./src/main.o
 .debug_macro   0x000042b7       0x3a ./src/main.o
 .debug_macro   0x000042f1       0xd0 ./src/main.o
 .debug_macro   0x000043c1       0x18 ./src/main.o
 .debug_macro   0x000043d9       0x22 ./src/main.o
 .debug_macro   0x000043fb       0x40 ./src/main.o
 .debug_macro   0x0000443b       0x76 ./src/main.o
 .debug_macro   0x000044b1       0x58 ./src/main.o
 .debug_macro   0x00004509       0x35 ./src/main.o
 .debug_macro   0x0000453e       0xa3 ./src/main.o
 .debug_macro   0x000045e1       0x16 ./src/main.o
 .debug_macro   0x000045f7       0x97 ./src/main.o
 .debug_macro   0x0000468e       0x10 ./src/main.o
 .debug_macro   0x0000469e       0xf6 ./src/main.o
 .debug_macro   0x00004794       0x52 ./src/main.o
 .debug_macro   0x000047e6       0x16 ./src/main.o
 .debug_macro   0x000047fc       0x43 ./src/main.o
 .debug_macro   0x0000483f      0x180 ./src/main.o
 .debug_macro   0x000049bf       0x10 ./src/main.o
 .debug_macro   0x000049cf       0x22 ./src/main.o
 .debug_macro   0x000049f1       0xbd ./src/main.o
 .debug_macro   0x00004aae       0x16 ./src/main.o
 .debug_macro   0x00004ac4      0x16c ./src/main.o
 .debug_macro   0x00004c30       0x20 ./src/main.o
 .debug_macro   0x00004c50       0x28 ./src/main.o
 .debug_macro   0x00004c78      0x124 ./src/main.o
 .debug_macro   0x00004d9c       0x1c ./src/main.o
 .debug_macro   0x00004db8      0x2e6 ./src/miadc.o
 .debug_macro   0x0000509e      0x2e0 ./src/mistring.o
 .debug_macro   0x0000537e      0x2e5 ./src/miuart.o
 .debug_macro   0x00005663       0x16 ./src/miuart.o
 .debug_macro   0x00005679      0x2d6 C:\CIAA\WorkspaceProgMicros\lpcopen_lpc4337\Debug\liblpcopen_lpc4337.a(adc_18xx_43xx.o)
 .debug_macro   0x0000594f      0x419 C:\CIAA\WorkspaceProgMicros\lpcopen_lpc4337\Debug\liblpcopen_lpc4337.a(board.o)
 .debug_macro   0x00005d68      0x283 C:\CIAA\WorkspaceProgMicros\lpcopen_lpc4337\Debug\liblpcopen_lpc4337.a(board.o)
 .debug_macro   0x00005feb       0x10 C:\CIAA\WorkspaceProgMicros\lpcopen_lpc4337\Debug\liblpcopen_lpc4337.a(board.o)
 .debug_macro   0x00005ffb       0x35 C:\CIAA\WorkspaceProgMicros\lpcopen_lpc4337\Debug\liblpcopen_lpc4337.a(board.o)
 .debug_macro   0x00006030       0x1f C:\CIAA\WorkspaceProgMicros\lpcopen_lpc4337\Debug\liblpcopen_lpc4337.a(board.o)
 .debug_macro   0x0000604f       0x12 C:\CIAA\WorkspaceProgMicros\lpcopen_lpc4337\Debug\liblpcopen_lpc4337.a(board.o)
 .debug_macro   0x00006061      0x2d6 C:\CIAA\WorkspaceProgMicros\lpcopen_lpc4337\Debug\liblpcopen_lpc4337.a(chip_18xx_43xx.o)
 .debug_macro   0x00006337      0x2dc C:\CIAA\WorkspaceProgMicros\lpcopen_lpc4337\Debug\liblpcopen_lpc4337.a(clock_18xx_43xx.o)
 .debug_macro   0x00006613       0x24 C:\CIAA\WorkspaceProgMicros\lpcopen_lpc4337\Debug\liblpcopen_lpc4337.a(cr_startup_lpc43xx.o)
 .debug_macro   0x00006637      0x2d6 C:\CIAA\WorkspaceProgMicros\lpcopen_lpc4337\Debug\liblpcopen_lpc4337.a(gpio_18xx_43xx.o)
 .debug_macro   0x0000690d      0x3db C:\CIAA\WorkspaceProgMicros\lpcopen_lpc4337\Debug\liblpcopen_lpc4337.a(sysinit.o)
 .debug_macro   0x00006ce8      0x2d6 C:\CIAA\WorkspaceProgMicros\lpcopen_lpc4337\Debug\liblpcopen_lpc4337.a(uart_18xx_43xx.o)
 .debug_macro   0x00006fbe      0x3db C:\CIAA\WorkspaceProgMicros\lpcopen_lpc4337\Debug\liblpcopen_lpc4337.a(board_sysinit.o)
 .debug_macro   0x00007399       0xc6 C:\CIAA\WorkspaceProgMicros\lpcopen_lpc4337\Debug\liblpcopen_lpc4337.a(fpu_init.o)
 .debug_macro   0x0000745f      0x2d6 C:\CIAA\WorkspaceProgMicros\lpcopen_lpc4337\Debug\liblpcopen_lpc4337.a(sysinit_18xx_43xx.o)

.debug_line     0x00000000     0x6952
 .debug_line    0x00000000      0x96f ./src/main.o
 .debug_line    0x0000096f      0x672 ./src/miadc.o
 .debug_line    0x00000fe1      0x6d7 ./src/mistring.o
 .debug_line    0x000016b8      0x79c ./src/miuart.o
 .debug_line    0x00001e54      0x778 C:\CIAA\WorkspaceProgMicros\lpcopen_lpc4337\Debug\liblpcopen_lpc4337.a(adc_18xx_43xx.o)
 .debug_line    0x000025cc      0xad4 C:\CIAA\WorkspaceProgMicros\lpcopen_lpc4337\Debug\liblpcopen_lpc4337.a(board.o)
 .debug_line    0x000030a0      0x690 C:\CIAA\WorkspaceProgMicros\lpcopen_lpc4337\Debug\liblpcopen_lpc4337.a(chip_18xx_43xx.o)
 .debug_line    0x00003730      0x99a C:\CIAA\WorkspaceProgMicros\lpcopen_lpc4337\Debug\liblpcopen_lpc4337.a(clock_18xx_43xx.o)
 .debug_line    0x000040ca       0xf4 C:\CIAA\WorkspaceProgMicros\lpcopen_lpc4337\Debug\liblpcopen_lpc4337.a(cr_startup_lpc43xx.o)
 .debug_line    0x000041be      0x6e1 C:\CIAA\WorkspaceProgMicros\lpcopen_lpc4337\Debug\liblpcopen_lpc4337.a(gpio_18xx_43xx.o)
 .debug_line    0x0000489f      0x6fd C:\CIAA\WorkspaceProgMicros\lpcopen_lpc4337\Debug\liblpcopen_lpc4337.a(sysinit.o)
 .debug_line    0x00004f9c      0x96b C:\CIAA\WorkspaceProgMicros\lpcopen_lpc4337\Debug\liblpcopen_lpc4337.a(uart_18xx_43xx.o)
 .debug_line    0x00005907      0x778 C:\CIAA\WorkspaceProgMicros\lpcopen_lpc4337\Debug\liblpcopen_lpc4337.a(board_sysinit.o)
 .debug_line    0x0000607f      0x254 C:\CIAA\WorkspaceProgMicros\lpcopen_lpc4337\Debug\liblpcopen_lpc4337.a(fpu_init.o)
 .debug_line    0x000062d3      0x67f C:\CIAA\WorkspaceProgMicros\lpcopen_lpc4337\Debug\liblpcopen_lpc4337.a(sysinit_18xx_43xx.o)

.debug_str      0x00000000    0x1a3e7
 .debug_str     0x00000000    0x177cd ./src/main.o
                              0x17a8a (size before relaxing)
 .debug_str     0x000177cd      0x1ab ./src/miadc.o
                              0x141cd (size before relaxing)
 .debug_str     0x00017978       0x39 ./src/mistring.o
                              0x14028 (size before relaxing)
 .debug_str     0x000179b1      0x1d6 ./src/miuart.o
                              0x1424b (size before relaxing)
 .debug_str     0x00017b87      0x30c C:\CIAA\WorkspaceProgMicros\lpcopen_lpc4337\Debug\liblpcopen_lpc4337.a(adc_18xx_43xx.o)
                              0x1484c (size before relaxing)
 .debug_str     0x00017e93     0x15c4 C:\CIAA\WorkspaceProgMicros\lpcopen_lpc4337\Debug\liblpcopen_lpc4337.a(board.o)
                              0x18af5 (size before relaxing)
 .debug_str     0x00019457      0x1ac C:\CIAA\WorkspaceProgMicros\lpcopen_lpc4337\Debug\liblpcopen_lpc4337.a(chip_18xx_43xx.o)
                              0x14d29 (size before relaxing)
 .debug_str     0x00019603      0x5d4 C:\CIAA\WorkspaceProgMicros\lpcopen_lpc4337\Debug\liblpcopen_lpc4337.a(clock_18xx_43xx.o)
                              0x1527c (size before relaxing)
 .debug_str     0x00019bd7      0x1de C:\CIAA\WorkspaceProgMicros\lpcopen_lpc4337\Debug\liblpcopen_lpc4337.a(cr_startup_lpc43xx.o)
                               0x2667 (size before relaxing)
 .debug_str     0x00019db5       0xec C:\CIAA\WorkspaceProgMicros\lpcopen_lpc4337\Debug\liblpcopen_lpc4337.a(gpio_18xx_43xx.o)
                              0x1412b (size before relaxing)
 .debug_str     0x00019ea1       0x1b C:\CIAA\WorkspaceProgMicros\lpcopen_lpc4337\Debug\liblpcopen_lpc4337.a(sysinit.o)
                              0x168f2 (size before relaxing)
 .debug_str     0x00019ebc      0x328 C:\CIAA\WorkspaceProgMicros\lpcopen_lpc4337\Debug\liblpcopen_lpc4337.a(uart_18xx_43xx.o)
                              0x14e57 (size before relaxing)
 .debug_str     0x0001a1e4       0xd0 C:\CIAA\WorkspaceProgMicros\lpcopen_lpc4337\Debug\liblpcopen_lpc4337.a(board_sysinit.o)
                              0x176b1 (size before relaxing)
 .debug_str     0x0001a2b4       0xb5 C:\CIAA\WorkspaceProgMicros\lpcopen_lpc4337\Debug\liblpcopen_lpc4337.a(fpu_init.o)
                               0x8c1e (size before relaxing)
 .debug_str     0x0001a369       0x7e C:\CIAA\WorkspaceProgMicros\lpcopen_lpc4337\Debug\liblpcopen_lpc4337.a(sysinit_18xx_43xx.o)
                              0x14bd1 (size before relaxing)

.comment        0x00000000       0x70
 .comment       0x00000000       0x70 ./src/main.o
                                 0x71 (size before relaxing)
 .comment       0x00000000       0x71 ./src/miadc.o
 .comment       0x00000000       0x71 ./src/mistring.o
 .comment       0x00000000       0x71 ./src/miuart.o
 .comment       0x00000000       0x71 C:\CIAA\WorkspaceProgMicros\lpcopen_lpc4337\Debug\liblpcopen_lpc4337.a(adc_18xx_43xx.o)
 .comment       0x00000000       0x71 C:\CIAA\WorkspaceProgMicros\lpcopen_lpc4337\Debug\liblpcopen_lpc4337.a(board.o)
 .comment       0x00000000       0x71 C:\CIAA\WorkspaceProgMicros\lpcopen_lpc4337\Debug\liblpcopen_lpc4337.a(chip_18xx_43xx.o)
 .comment       0x00000000       0x71 C:\CIAA\WorkspaceProgMicros\lpcopen_lpc4337\Debug\liblpcopen_lpc4337.a(clock_18xx_43xx.o)
 .comment       0x00000000       0x71 C:\CIAA\WorkspaceProgMicros\lpcopen_lpc4337\Debug\liblpcopen_lpc4337.a(cr_startup_lpc43xx.o)
 .comment       0x00000000       0x71 C:\CIAA\WorkspaceProgMicros\lpcopen_lpc4337\Debug\liblpcopen_lpc4337.a(gpio_18xx_43xx.o)
 .comment       0x00000000       0x71 C:\CIAA\WorkspaceProgMicros\lpcopen_lpc4337\Debug\liblpcopen_lpc4337.a(sysinit.o)
 .comment       0x00000000       0x71 C:\CIAA\WorkspaceProgMicros\lpcopen_lpc4337\Debug\liblpcopen_lpc4337.a(uart_18xx_43xx.o)
 .comment       0x00000000       0x71 C:\CIAA\WorkspaceProgMicros\lpcopen_lpc4337\Debug\liblpcopen_lpc4337.a(board_sysinit.o)
 .comment       0x00000000       0x71 C:\CIAA\WorkspaceProgMicros\lpcopen_lpc4337\Debug\liblpcopen_lpc4337.a(fpu_init.o)
 .comment       0x00000000       0x71 C:\CIAA\WorkspaceProgMicros\lpcopen_lpc4337\Debug\liblpcopen_lpc4337.a(sysinit_18xx_43xx.o)

.ARM.attributes
                0x00000000       0x2e
 .ARM.attributes
                0x00000000       0x37 ./src/main.o
 .ARM.attributes
                0x00000037       0x37 ./src/miadc.o
 .ARM.attributes
                0x0000006e       0x37 ./src/mistring.o
 .ARM.attributes
                0x000000a5       0x37 ./src/miuart.o
 .ARM.attributes
                0x000000dc       0x37 C:\CIAA\WorkspaceProgMicros\lpcopen_lpc4337\Debug\liblpcopen_lpc4337.a(adc_18xx_43xx.o)
 .ARM.attributes
                0x00000113       0x37 C:\CIAA\WorkspaceProgMicros\lpcopen_lpc4337\Debug\liblpcopen_lpc4337.a(board.o)
 .ARM.attributes
                0x0000014a       0x37 C:\CIAA\WorkspaceProgMicros\lpcopen_lpc4337\Debug\liblpcopen_lpc4337.a(chip_18xx_43xx.o)
 .ARM.attributes
                0x00000181       0x37 C:\CIAA\WorkspaceProgMicros\lpcopen_lpc4337\Debug\liblpcopen_lpc4337.a(clock_18xx_43xx.o)
 .ARM.attributes
                0x000001b8       0x37 C:\CIAA\WorkspaceProgMicros\lpcopen_lpc4337\Debug\liblpcopen_lpc4337.a(cr_startup_lpc43xx.o)
 .ARM.attributes
                0x000001ef       0x37 C:\CIAA\WorkspaceProgMicros\lpcopen_lpc4337\Debug\liblpcopen_lpc4337.a(gpio_18xx_43xx.o)
 .ARM.attributes
                0x00000226       0x37 C:\CIAA\WorkspaceProgMicros\lpcopen_lpc4337\Debug\liblpcopen_lpc4337.a(sysinit.o)
 .ARM.attributes
                0x0000025d       0x37 C:\CIAA\WorkspaceProgMicros\lpcopen_lpc4337\Debug\liblpcopen_lpc4337.a(uart_18xx_43xx.o)
 .ARM.attributes
                0x00000294       0x37 C:\CIAA\WorkspaceProgMicros\lpcopen_lpc4337\Debug\liblpcopen_lpc4337.a(board_sysinit.o)
 .ARM.attributes
                0x000002cb       0x37 C:\CIAA\WorkspaceProgMicros\lpcopen_lpc4337\Debug\liblpcopen_lpc4337.a(fpu_init.o)
 .ARM.attributes
                0x00000302       0x37 C:\CIAA\WorkspaceProgMicros\lpcopen_lpc4337\Debug\liblpcopen_lpc4337.a(sysinit_18xx_43xx.o)

.debug_frame    0x00000000     0x1654
 .debug_frame   0x00000000      0x174 ./src/main.o
 .debug_frame   0x00000174       0x50 ./src/miadc.o
 .debug_frame   0x000001c4       0x64 ./src/mistring.o
 .debug_frame   0x00000228      0x1b0 ./src/miuart.o
 .debug_frame   0x000003d8      0x1f0 C:\CIAA\WorkspaceProgMicros\lpcopen_lpc4337\Debug\liblpcopen_lpc4337.a(adc_18xx_43xx.o)
 .debug_frame   0x000005c8      0x478 C:\CIAA\WorkspaceProgMicros\lpcopen_lpc4337\Debug\liblpcopen_lpc4337.a(board.o)
 .debug_frame   0x00000a40       0x98 C:\CIAA\WorkspaceProgMicros\lpcopen_lpc4337\Debug\liblpcopen_lpc4337.a(chip_18xx_43xx.o)
 .debug_frame   0x00000ad8      0x3cc C:\CIAA\WorkspaceProgMicros\lpcopen_lpc4337\Debug\liblpcopen_lpc4337.a(clock_18xx_43xx.o)
 .debug_frame   0x00000ea4      0x128 C:\CIAA\WorkspaceProgMicros\lpcopen_lpc4337\Debug\liblpcopen_lpc4337.a(cr_startup_lpc43xx.o)
 .debug_frame   0x00000fcc      0x130 C:\CIAA\WorkspaceProgMicros\lpcopen_lpc4337\Debug\liblpcopen_lpc4337.a(gpio_18xx_43xx.o)
 .debug_frame   0x000010fc       0x30 C:\CIAA\WorkspaceProgMicros\lpcopen_lpc4337\Debug\liblpcopen_lpc4337.a(sysinit.o)
 .debug_frame   0x0000112c      0x3d4 C:\CIAA\WorkspaceProgMicros\lpcopen_lpc4337\Debug\liblpcopen_lpc4337.a(uart_18xx_43xx.o)
 .debug_frame   0x00001500       0xa4 C:\CIAA\WorkspaceProgMicros\lpcopen_lpc4337\Debug\liblpcopen_lpc4337.a(board_sysinit.o)
 .debug_frame   0x000015a4       0x2c C:\CIAA\WorkspaceProgMicros\lpcopen_lpc4337\Debug\liblpcopen_lpc4337.a(fpu_init.o)
 .debug_frame   0x000015d0       0x84 C:\CIAA\WorkspaceProgMicros\lpcopen_lpc4337\Debug\liblpcopen_lpc4337.a(sysinit_18xx_43xx.o)
